Archive member included to satisfy reference by file (symbol)

/usr/lib/gcc/arm-none-eabi/9.2.1/../../../arm-none-eabi/lib/thumb/v7e-m+fp/hard/libc_nano.a(lib_a-atexit.o)
                              /usr/lib/gcc/arm-none-eabi/9.2.1/../../../arm-none-eabi/lib/thumb/v7e-m+fp/hard/crt0.o (atexit)
/usr/lib/gcc/arm-none-eabi/9.2.1/../../../arm-none-eabi/lib/thumb/v7e-m+fp/hard/libc_nano.a(lib_a-exit.o)
                              /usr/lib/gcc/arm-none-eabi/9.2.1/../../../arm-none-eabi/lib/thumb/v7e-m+fp/hard/crt0.o (exit)
/usr/lib/gcc/arm-none-eabi/9.2.1/../../../arm-none-eabi/lib/thumb/v7e-m+fp/hard/libc_nano.a(lib_a-fini.o)
                              /usr/lib/gcc/arm-none-eabi/9.2.1/../../../arm-none-eabi/lib/thumb/v7e-m+fp/hard/crt0.o (__libc_fini_array)
/usr/lib/gcc/arm-none-eabi/9.2.1/../../../arm-none-eabi/lib/thumb/v7e-m+fp/hard/libc_nano.a(lib_a-impure.o)
                              /usr/lib/gcc/arm-none-eabi/9.2.1/../../../arm-none-eabi/lib/thumb/v7e-m+fp/hard/libc_nano.a(lib_a-exit.o) (_global_impure_ptr)
/usr/lib/gcc/arm-none-eabi/9.2.1/../../../arm-none-eabi/lib/thumb/v7e-m+fp/hard/libc_nano.a(lib_a-init.o)
                              /usr/lib/gcc/arm-none-eabi/9.2.1/../../../arm-none-eabi/lib/thumb/v7e-m+fp/hard/crt0.o (__libc_init_array)
/usr/lib/gcc/arm-none-eabi/9.2.1/../../../arm-none-eabi/lib/thumb/v7e-m+fp/hard/libc_nano.a(lib_a-memcpy.o)
                              build/queue.o (memcpy)
/usr/lib/gcc/arm-none-eabi/9.2.1/../../../arm-none-eabi/lib/thumb/v7e-m+fp/hard/libc_nano.a(lib_a-memset.o)
                              /usr/lib/gcc/arm-none-eabi/9.2.1/../../../arm-none-eabi/lib/thumb/v7e-m+fp/hard/crt0.o (memset)
/usr/lib/gcc/arm-none-eabi/9.2.1/../../../arm-none-eabi/lib/thumb/v7e-m+fp/hard/libc_nano.a(lib_a-strlen.o)
                              build/main.o (strlen)
/usr/lib/gcc/arm-none-eabi/9.2.1/../../../arm-none-eabi/lib/thumb/v7e-m+fp/hard/libc_nano.a(lib_a-__atexit.o)
                              /usr/lib/gcc/arm-none-eabi/9.2.1/../../../arm-none-eabi/lib/thumb/v7e-m+fp/hard/libc_nano.a(lib_a-atexit.o) (__register_exitproc)
/usr/lib/gcc/arm-none-eabi/9.2.1/../../../arm-none-eabi/lib/thumb/v7e-m+fp/hard/libc_nano.a(lib_a-__call_atexit.o)
                              /usr/lib/gcc/arm-none-eabi/9.2.1/../../../arm-none-eabi/lib/thumb/v7e-m+fp/hard/libc_nano.a(lib_a-__atexit.o) (__call_exitprocs)
/usr/lib/gcc/arm-none-eabi/9.2.1/thumb/v7e-m+fp/hard/libgcc.a(unwind-arm.o)
                              build/main.o (__aeabi_unwind_cpp_pr0)
/usr/lib/gcc/arm-none-eabi/9.2.1/thumb/v7e-m+fp/hard/libgcc.a(libunwind.o)
                              /usr/lib/gcc/arm-none-eabi/9.2.1/thumb/v7e-m+fp/hard/libgcc.a(unwind-arm.o) (restore_core_regs)
/usr/lib/gcc/arm-none-eabi/9.2.1/thumb/v7e-m+fp/hard/libgcc.a(pr-support.o)
                              /usr/lib/gcc/arm-none-eabi/9.2.1/thumb/v7e-m+fp/hard/libgcc.a(unwind-arm.o) (__gnu_unwind_execute)
/usr/lib/gcc/arm-none-eabi/9.2.1/../../../arm-none-eabi/lib/thumb/v7e-m+fp/hard/libc_nano.a(lib_a-abort.o)
                              /usr/lib/gcc/arm-none-eabi/9.2.1/thumb/v7e-m+fp/hard/libgcc.a(unwind-arm.o) (abort)
/usr/lib/gcc/arm-none-eabi/9.2.1/../../../arm-none-eabi/lib/thumb/v7e-m+fp/hard/libc_nano.a(lib_a-signal.o)
                              /usr/lib/gcc/arm-none-eabi/9.2.1/../../../arm-none-eabi/lib/thumb/v7e-m+fp/hard/libc_nano.a(lib_a-abort.o) (raise)
/usr/lib/gcc/arm-none-eabi/9.2.1/../../../arm-none-eabi/lib/thumb/v7e-m+fp/hard/libc_nano.a(lib_a-signalr.o)
                              /usr/lib/gcc/arm-none-eabi/9.2.1/../../../arm-none-eabi/lib/thumb/v7e-m+fp/hard/libc_nano.a(lib_a-signal.o) (_kill_r)
/usr/lib/gcc/arm-none-eabi/9.2.1/../../../arm-none-eabi/lib/thumb/v7e-m+fp/hard/libc_nano.a(lib_a-nano-mallocr.o)
                              /usr/lib/gcc/arm-none-eabi/9.2.1/../../../arm-none-eabi/lib/thumb/v7e-m+fp/hard/libc_nano.a(lib_a-signal.o) (_malloc_r)
/usr/lib/gcc/arm-none-eabi/9.2.1/../../../arm-none-eabi/lib/thumb/v7e-m+fp/hard/libc_nano.a(lib_a-reent.o)
                              /usr/lib/gcc/arm-none-eabi/9.2.1/../../../arm-none-eabi/lib/thumb/v7e-m+fp/hard/libc_nano.a(lib_a-signalr.o) (errno)
/usr/lib/gcc/arm-none-eabi/9.2.1/../../../arm-none-eabi/lib/thumb/v7e-m+fp/hard/libc_nano.a(lib_a-sbrkr.o)
                              /usr/lib/gcc/arm-none-eabi/9.2.1/../../../arm-none-eabi/lib/thumb/v7e-m+fp/hard/libc_nano.a(lib_a-nano-mallocr.o) (_sbrk_r)
/usr/lib/gcc/arm-none-eabi/9.2.1/../../../arm-none-eabi/lib/thumb/v7e-m+fp/hard/libc_nano.a(lib_a-mlock.o)
                              /usr/lib/gcc/arm-none-eabi/9.2.1/../../../arm-none-eabi/lib/thumb/v7e-m+fp/hard/libc_nano.a(lib_a-nano-mallocr.o) (__malloc_lock)
/usr/lib/gcc/arm-none-eabi/9.2.1/../../../arm-none-eabi/lib/thumb/v7e-m+fp/hard/libc_nano.a(lib_a-nano-freer.o)
                              /usr/lib/gcc/arm-none-eabi/9.2.1/../../../arm-none-eabi/lib/thumb/v7e-m+fp/hard/libc_nano.a(lib_a-reent.o) (_free_r)
[...]
Memory Configuration

Name             Origin             Length             Attributes
RAM              0x0000000020000000 0x0000000000010000 xrw
CCMRAM           0x0000000010000000 0x0000000000004000 xrw
FLASH            0x0000000008000000 0x0000000000080000 xr
*default*        0x0000000000000000 0xffffffffffffffff

Linker script and memory map

LOAD /usr/lib/gcc/arm-none-eabi/9.2.1/thumb/v7e-m+fp/hard/crti.o
LOAD /usr/lib/gcc/arm-none-eabi/9.2.1/thumb/v7e-m+fp/hard/crtbegin.o
LOAD /usr/lib/gcc/arm-none-eabi/9.2.1/../../../arm-none-eabi/lib/thumb/v7e-m+fp/hard/crt0.o
LOAD build/freertos.o
LOAD build/stm32f3xx_it.o
LOAD build/stm32f3xx_hal_msp.o
LOAD build/stm32f3xx_hal_timebase_tim.o
LOAD build/stm32f3xx_hal.o
LOAD build/stm32f3xx_hal_rcc.o
LOAD build/stm32f3xx_hal_rcc_ex.o
LOAD build/stm32f3xx_hal_gpio.o
LOAD build/stm32f3xx_hal_dma.o
LOAD build/stm32f3xx_hal_cortex.o
LOAD build/stm32f3xx_hal_pwr.o
LOAD build/stm32f3xx_hal_pwr_ex.o
LOAD build/stm32f3xx_hal_flash.o
LOAD build/stm32f3xx_hal_flash_ex.o
LOAD build/stm32f3xx_hal_i2c.o
LOAD build/stm32f3xx_hal_i2c_ex.o
LOAD build/stm32f3xx_hal_exti.o
LOAD build/stm32f3xx_hal_tim.o
LOAD build/stm32f3xx_hal_tim_ex.o
LOAD build/stm32f3xx_hal_uart.o
LOAD build/stm32f3xx_hal_uart_ex.o
LOAD build/system_stm32f3xx.o
LOAD build/croutine.o
LOAD build/event_groups.o
LOAD build/list.o
LOAD build/queue.o
LOAD build/stream_buffer.o
LOAD build/tasks.o
LOAD build/timers.o
LOAD build/cmsis_os2.o
LOAD build/heap_4.o
LOAD build/port.o
LOAD build/main.o
LOAD build/startup_stm32f303xe.o
LOAD /usr/lib/gcc/arm-none-eabi/9.2.1/../../../arm-none-eabi/lib/thumb/v7e-m+fp/hard/libnosys.a
LOAD /usr/lib/gcc/arm-none-eabi/9.2.1/../../../arm-none-eabi/lib/thumb/v7e-m+fp/hard/libstdc++_nano.a
LOAD /usr/lib/gcc/arm-none-eabi/9.2.1/../../../arm-none-eabi/lib/thumb/v7e-m+fp/hard/libm.a
LOAD /usr/lib/gcc/arm-none-eabi/9.2.1/../../../arm-none-eabi/lib/thumb/v7e-m+fp/hard/libc_nano.a
START GROUP
LOAD /usr/lib/gcc/arm-none-eabi/9.2.1/thumb/v7e-m+fp/hard/libgcc.a
LOAD /usr/lib/gcc/arm-none-eabi/9.2.1/../../../arm-none-eabi/lib/thumb/v7e-m+fp/hard/libc_nano.a
END GROUP
START GROUP
LOAD /usr/lib/gcc/arm-none-eabi/9.2.1/thumb/v7e-m+fp/hard/libgcc.a
LOAD /usr/lib/gcc/arm-none-eabi/9.2.1/../../../arm-none-eabi/lib/thumb/v7e-m+fp/hard/libc_nano.a
LOAD /usr/lib/gcc/arm-none-eabi/9.2.1/../../../arm-none-eabi/lib/thumb/v7e-m+fp/hard/libnosys.a
END GROUP
START GROUP
LOAD /usr/lib/gcc/arm-none-eabi/9.2.1/thumb/v7e-m+fp/hard/libgcc.a
LOAD /usr/lib/gcc/arm-none-eabi/9.2.1/../../../arm-none-eabi/lib/thumb/v7e-m+fp/hard/libc_nano.a
LOAD /usr/lib/gcc/arm-none-eabi/9.2.1/../../../arm-none-eabi/lib/thumb/v7e-m+fp/hard/libnosys.a
END GROUP
LOAD /usr/lib/gcc/arm-none-eabi/9.2.1/thumb/v7e-m+fp/hard/crtend.o
LOAD /usr/lib/gcc/arm-none-eabi/9.2.1/thumb/v7e-m+fp/hard/crtn.o
                0x0000000020010000                _estack = 0x20010000
                0x0000000000000200                _Min_Heap_Size = 0x200
                0x0000000000000400                _Min_Stack_Size = 0x400

.isr_vector     0x0000000008000000      0x194
                0x0000000008000000                . = ALIGN (0x4)
 *(.isr_vector)
 .isr_vector    0x0000000008000000      0x194 build/startup_stm32f303xe.o
                0x0000000008000000                g_pfnVectors
                0x0000000008000194                . = ALIGN (0x4)

.text           0x00000000080001c0     0x32fc
                0x00000000080001c0                . = ALIGN (0x4)
 *(.text)
 .text          0x00000000080001c0       0x88 /usr/lib/gcc/arm-none-eabi/9.2.1/thumb/v7e-m+fp/hard/crtbegin.o
 .text          0x0000000008000248       0x48 /usr/lib/gcc/arm-none-eabi/9.2.1/../../../arm-none-eabi/lib/thumb/v7e-m+fp/hard/libc_nano.a(lib_a-init.o)
                0x0000000008000248                __libc_init_array
 .text          0x0000000008000290      0x134 /usr/lib/gcc/arm-none-eabi/9.2.1/../../../arm-none-eabi/lib/thumb/v7e-m+fp/hard/libc_nano.a(lib_a-memcpy.o)
                0x0000000008000290                memcpy
 .text          0x00000000080003c4       0xa0 /usr/lib/gcc/arm-none-eabi/9.2.1/../../../arm-none-eabi/lib/thumb/v7e-m+fp/hard/libc_nano.a(lib_a-memset.o)
                0x00000000080003c4                memset
 *fill*         0x0000000008000464       0x1c 
 .text          0x0000000008000480       0xdc /usr/lib/gcc/arm-none-eabi/9.2.1/../../../arm-none-eabi/lib/thumb/v7e-m+fp/hard/libc_nano.a(lib_a-strlen.o)
                0x0000000008000480                strlen
 .text          0x000000000800055c      0x9b8 /usr/lib/gcc/arm-none-eabi/9.2.1/thumb/v7e-m+fp/hard/libgcc.a(unwind-arm.o)
                0x0000000008000804                _Unwind_GetCFA
                0x0000000008000808                __gnu_Unwind_RaiseException
                0x0000000008000868                __gnu_Unwind_ForcedUnwind
                0x000000000800087c                __gnu_Unwind_Resume
                0x00000000080008c0                __gnu_Unwind_Resume_or_Rethrow
                0x00000000080008d0                _Unwind_Complete
                0x00000000080008d4                _Unwind_DeleteException
                0x00000000080008e0                _Unwind_VRS_Get
                0x0000000008000928                _Unwind_VRS_Set
                0x0000000008000970                __gnu_Unwind_Backtrace
                0x0000000008000c90                __aeabi_unwind_cpp_pr0
                0x0000000008000c94                __aeabi_unwind_cpp_pr1
                0x0000000008000c98                __aeabi_unwind_cpp_pr2
                0x0000000008000c9c                _Unwind_VRS_Pop
 .text          0x0000000008000f14      0x1ac /usr/lib/gcc/arm-none-eabi/9.2.1/thumb/v7e-m+fp/hard/libgcc.a(libunwind.o)
                0x0000000008000f14                __restore_core_regs
                0x0000000008000f14                restore_core_regs
                0x0000000008000f2c                __gnu_Unwind_Restore_VFP
                0x0000000008000f34                __gnu_Unwind_Save_VFP
                0x0000000008000f3c                __gnu_Unwind_Restore_VFP_D
                0x0000000008000f44                __gnu_Unwind_Save_VFP_D
                0x0000000008000f4c                __gnu_Unwind_Restore_VFP_D_16_to_31
                0x0000000008000f54                __gnu_Unwind_Save_VFP_D_16_to_31
                0x0000000008000f5c                __gnu_Unwind_Restore_WMMXD
                0x0000000008000fa0                __gnu_Unwind_Save_WMMXD
                0x0000000008000fe4                __gnu_Unwind_Restore_WMMXC
                0x0000000008000ff8                __gnu_Unwind_Save_WMMXC
                0x000000000800100c                ___Unwind_RaiseException
                0x000000000800100c                _Unwind_RaiseException
                0x0000000008001030                ___Unwind_Resume
                0x0000000008001030                _Unwind_Resume
                0x0000000008001054                _Unwind_Resume_or_Rethrow
                0x0000000008001054                ___Unwind_Resume_or_Rethrow
                0x0000000008001078                ___Unwind_ForcedUnwind
                0x0000000008001078                _Unwind_ForcedUnwind
                0x000000000800109c                _Unwind_Backtrace
                0x000000000800109c                ___Unwind_Backtrace
 .text          0x00000000080010c0      0x340 /usr/lib/gcc/arm-none-eabi/9.2.1/thumb/v7e-m+fp/hard/libgcc.a(pr-support.o)
                0x0000000008001118                __gnu_unwind_execute
                0x00000000080013b4                __gnu_unwind_frame
                0x00000000080013e0                _Unwind_GetRegionStart
                0x00000000080013ec                _Unwind_GetLanguageSpecificData
 .text          0x0000000008001400       0x10 /usr/lib/gcc/arm-none-eabi/9.2.1/../../../arm-none-eabi/lib/thumb/v7e-m+fp/hard/libc_nano.a(lib_a-abort.o)
                0x0000000008001400                abort
 .text          0x0000000008001410      0x150 /usr/lib/gcc/arm-none-eabi/9.2.1/../../../arm-none-eabi/lib/thumb/v7e-m+fp/hard/libc_nano.a(lib_a-signal.o)
                0x0000000008001438                _init_signal_r
                0x0000000008001444                _signal_r
                0x0000000008001478                _raise_r
                0x00000000080014cc                __sigtramp_r
                0x000000000800151c                raise
                0x000000000800152c                signal
                0x000000000800153c                _init_signal
                0x0000000008001550                __sigtramp
 .text          0x0000000008001560       0x2c /usr/lib/gcc/arm-none-eabi/9.2.1/../../../arm-none-eabi/lib/thumb/v7e-m+fp/hard/libc_nano.a(lib_a-signalr.o)
                0x0000000008001560                _kill_r
                0x0000000008001588                _getpid_r
 .text          0x000000000800158c       0xc8 /usr/lib/gcc/arm-none-eabi/9.2.1/../../../arm-none-eabi/lib/thumb/v7e-m+fp/hard/libc_nano.a(lib_a-nano-mallocr.o)
                0x000000000800158c                _malloc_r
 .text          0x0000000008001654       0x24 /usr/lib/gcc/arm-none-eabi/9.2.1/../../../arm-none-eabi/lib/thumb/v7e-m+fp/hard/libc_nano.a(lib_a-sbrkr.o)
                0x0000000008001654                _sbrk_r
 .text          0x0000000008001678        0x8 /usr/lib/gcc/arm-none-eabi/9.2.1/../../../arm-none-eabi/lib/thumb/v7e-m+fp/hard/libc_nano.a(lib_a-mlock.o)
                0x0000000008001678                __malloc_lock
                0x000000000800167c                __malloc_unlock
 .text          0x0000000008001680       0x10 /usr/lib/gcc/arm-none-eabi/9.2.1/../../../arm-none-eabi/lib/thumb/v7e-m+fp/hard/libnosys.a(getpid.o)
                0x0000000008001680                _getpid
 .text          0x0000000008001690       0x10 /usr/lib/gcc/arm-none-eabi/9.2.1/../../../arm-none-eabi/lib/thumb/v7e-m+fp/hard/libnosys.a(kill.o)
                0x0000000008001690                _kill
 .text          0x00000000080016a0       0x1c /usr/lib/gcc/arm-none-eabi/9.2.1/../../../arm-none-eabi/lib/thumb/v7e-m+fp/hard/libnosys.a(sbrk.o)
                0x00000000080016a0                _sbrk
 .text          0x00000000080016bc        0x4 /usr/lib/gcc/arm-none-eabi/9.2.1/../../../arm-none-eabi/lib/thumb/v7e-m+fp/hard/libnosys.a(_exit.o)
                0x00000000080016bc                _exit
 *(.text*)
 .text.NMI_Handler
                0x00000000080016c0        0x2 build/stm32f3xx_it.o
                0x00000000080016c0                NMI_Handler
 .text.HardFault_Handler
                0x00000000080016c2        0x2 build/stm32f3xx_it.o
                0x00000000080016c2                HardFault_Handler
 .text.MemManage_Handler
                0x00000000080016c4        0x2 build/stm32f3xx_it.o
                0x00000000080016c4                MemManage_Handler
 .text.BusFault_Handler
                0x00000000080016c6        0x2 build/stm32f3xx_it.o
                0x00000000080016c6                BusFault_Handler
 .text.UsageFault_Handler
                0x00000000080016c8        0x2 build/stm32f3xx_it.o
                0x00000000080016c8                UsageFault_Handler
 .text.DebugMon_Handler
                0x00000000080016ca        0x2 build/stm32f3xx_it.o
                0x00000000080016ca                DebugMon_Handler
 .text.TIM1_TRG_COM_TIM17_IRQHandler
                0x00000000080016cc       0x10 build/stm32f3xx_it.o
                0x00000000080016cc                TIM1_TRG_COM_TIM17_IRQHandler
 .text.HAL_MspInit
                0x00000000080016dc       0x40 build/stm32f3xx_hal_msp.o
                0x00000000080016dc                HAL_MspInit
 .text.HAL_UART_MspInit
                0x000000000800171c       0x68 build/stm32f3xx_hal_msp.o
                0x000000000800171c                HAL_UART_MspInit
 .text.HAL_InitTick
                0x0000000008001784       0x78 build/stm32f3xx_hal_timebase_tim.o
                0x0000000008001784                HAL_InitTick
 .text.HAL_Init
                0x00000000080017fc       0x24 build/stm32f3xx_hal.o
                0x00000000080017fc                HAL_Init
 .text.HAL_IncTick
                0x0000000008001820       0x18 build/stm32f3xx_hal.o
                0x0000000008001820                HAL_IncTick
 .text.HAL_GetTick
                0x0000000008001838        0xc build/stm32f3xx_hal.o
                0x0000000008001838                HAL_GetTick
 .text.HAL_Delay
                0x0000000008001844       0x28 build/stm32f3xx_hal.o
                0x0000000008001844                HAL_Delay
 .text.HAL_RCC_OscConfig
                0x000000000800186c      0x640 build/stm32f3xx_hal_rcc.o
                0x000000000800186c                HAL_RCC_OscConfig
 .text.HAL_RCC_GetSysClockFreq
                0x0000000008001eac       0x70 build/stm32f3xx_hal_rcc.o
                0x0000000008001eac                HAL_RCC_GetSysClockFreq
 .text.HAL_RCC_ClockConfig
                0x0000000008001f1c      0x1a8 build/stm32f3xx_hal_rcc.o
                0x0000000008001f1c                HAL_RCC_ClockConfig
 .text.HAL_RCC_GetHCLKFreq
                0x00000000080020c4        0xc build/stm32f3xx_hal_rcc.o
                0x00000000080020c4                HAL_RCC_GetHCLKFreq
 .text.HAL_RCC_GetPCLK1Freq
                0x00000000080020d0       0x2c build/stm32f3xx_hal_rcc.o
                0x00000000080020d0                HAL_RCC_GetPCLK1Freq
 .text.HAL_RCC_GetPCLK2Freq
                0x00000000080020fc       0x2c build/stm32f3xx_hal_rcc.o
                0x00000000080020fc                HAL_RCC_GetPCLK2Freq
 .text.HAL_RCC_GetClockConfig
                0x0000000008002128       0x3c build/stm32f3xx_hal_rcc.o
                0x0000000008002128                HAL_RCC_GetClockConfig
 .text.HAL_RCCEx_PeriphCLKConfig
                0x0000000008002164      0x300 build/stm32f3xx_hal_rcc_ex.o
                0x0000000008002164                HAL_RCCEx_PeriphCLKConfig
 .text.HAL_GPIO_Init
                0x0000000008002464      0x1b0 build/stm32f3xx_hal_gpio.o
                0x0000000008002464                HAL_GPIO_Init
 .text.HAL_GPIO_WritePin
                0x0000000008002614        0xa build/stm32f3xx_hal_gpio.o
                0x0000000008002614                HAL_GPIO_WritePin
 *fill*         0x000000000800261e        0x2 
 .text.HAL_NVIC_SetPriorityGrouping
                0x0000000008002620       0x24 build/stm32f3xx_hal_cortex.o
                0x0000000008002620                HAL_NVIC_SetPriorityGrouping
 .text.HAL_NVIC_SetPriority
                0x0000000008002644       0x68 build/stm32f3xx_hal_cortex.o
                0x0000000008002644                HAL_NVIC_SetPriority
 .text.HAL_NVIC_EnableIRQ
                0x00000000080026ac       0x1c build/stm32f3xx_hal_cortex.o
                0x00000000080026ac                HAL_NVIC_EnableIRQ
 .text.HAL_TIM_Base_MspInit
                0x00000000080026c8        0x2 build/stm32f3xx_hal_tim.o
                0x00000000080026c8                HAL_TIM_Base_MspInit
 *fill*         0x00000000080026ca        0x2 
 .text.HAL_TIM_Base_Start_IT
                0x00000000080026cc       0x2c build/stm32f3xx_hal_tim.o
                0x00000000080026cc                HAL_TIM_Base_Start_IT
 .text.HAL_TIM_OC_DelayElapsedCallback
                0x00000000080026f8        0x2 build/stm32f3xx_hal_tim.o
                0x00000000080026f8                HAL_TIM_OC_DelayElapsedCallback
 .text.HAL_TIM_IC_CaptureCallback
                0x00000000080026fa        0x2 build/stm32f3xx_hal_tim.o
                0x00000000080026fa                HAL_TIM_IC_CaptureCallback
 .text.HAL_TIM_PWM_PulseFinishedCallback
                0x00000000080026fc        0x2 build/stm32f3xx_hal_tim.o
                0x00000000080026fc                HAL_TIM_PWM_PulseFinishedCallback
 .text.HAL_TIM_TriggerCallback
                0x00000000080026fe        0x2 build/stm32f3xx_hal_tim.o
                0x00000000080026fe                HAL_TIM_TriggerCallback
 .text.HAL_TIM_IRQHandler
                0x0000000008002700      0x19a build/stm32f3xx_hal_tim.o
                0x0000000008002700                HAL_TIM_IRQHandler
 *fill*         0x000000000800289a        0x2 
 .text.TIM_Base_SetConfig
                0x000000000800289c       0xd0 build/stm32f3xx_hal_tim.o
                0x000000000800289c                TIM_Base_SetConfig
 .text.HAL_TIM_Base_Init
                0x000000000800296c       0x34 build/stm32f3xx_hal_tim.o
                0x000000000800296c                HAL_TIM_Base_Init
 .text.HAL_TIMEx_CommutCallback
                0x00000000080029a0        0x2 build/stm32f3xx_hal_tim_ex.o
                0x00000000080029a0                HAL_TIMEx_CommutCallback
 .text.HAL_TIMEx_BreakCallback
                0x00000000080029a2        0x2 build/stm32f3xx_hal_tim_ex.o
                0x00000000080029a2                HAL_TIMEx_BreakCallback
 .text.HAL_TIMEx_Break2Callback
                0x00000000080029a4        0x2 build/stm32f3xx_hal_tim_ex.o
                0x00000000080029a4                HAL_TIMEx_Break2Callback
 *fill*         0x00000000080029a6        0x2 
 .text.UART_SetConfig
                0x00000000080029a8      0x2c8 build/stm32f3xx_hal_uart.o
                0x00000000080029a8                UART_SetConfig
 .text.UART_AdvFeatureConfig
                0x0000000008002c70       0xca build/stm32f3xx_hal_uart.o
                0x0000000008002c70                UART_AdvFeatureConfig
 .text.UART_WaitOnFlagUntilTimeout
                0x0000000008002d3a       0xa2 build/stm32f3xx_hal_uart.o
                0x0000000008002d3a                UART_WaitOnFlagUntilTimeout
 .text.HAL_UART_Transmit
                0x0000000008002ddc       0xd6 build/stm32f3xx_hal_uart.o
                0x0000000008002ddc                HAL_UART_Transmit
 .text.UART_CheckIdleState
                0x0000000008002eb2       0x6c build/stm32f3xx_hal_uart.o
                0x0000000008002eb2                UART_CheckIdleState
 .text.HAL_UART_Init
                0x0000000008002f1e       0x62 build/stm32f3xx_hal_uart.o
                0x0000000008002f1e                HAL_UART_Init
 .text.SystemInit
                0x0000000008002f80       0x1c build/system_stm32f3xx.o
                0x0000000008002f80                SystemInit
 .text.vListInsertEnd
                0x0000000008002f9c       0x16 build/list.o
                0x0000000008002f9c                vListInsertEnd
 .text.uxListRemove
                0x0000000008002fb2       0x26 build/list.o
                0x0000000008002fb2                uxListRemove
 .text.prvResetNextTaskUnblockTime
                0x0000000008002fd8       0x2c build/tasks.o
 .text.xTaskIncrementTick
                0x0000000008003004      0x118 build/tasks.o
                0x0000000008003004                xTaskIncrementTick
 .text.vTaskSwitchContext
                0x000000000800311c       0x98 build/tasks.o
                0x000000000800311c                vTaskSwitchContext
 *fill*         0x00000000080031b4        0xc 
 .text.SVC_Handler
                0x00000000080031c0       0x24 build/port.o
                0x00000000080031c0                SVC_Handler
 *fill*         0x00000000080031e4        0xc 
 .text.PendSV_Handler
                0x00000000080031f0       0x64 build/port.o
                0x00000000080031f0                PendSV_Handler
 .text.SysTick_Handler
                0x0000000008003254       0x2c build/port.o
                0x0000000008003254                SysTick_Handler
 .text._ZL12MX_GPIO_Initv
                0x0000000008003280       0xa0 build/main.o
 .text._ZL19MX_USART2_UART_Initv
                0x0000000008003320       0x30 build/main.o
 .text._Z18SystemClock_Configv
                0x0000000008003350       0x68 build/main.o
                0x0000000008003350                SystemClock_Config()
 .text.main     0x00000000080033b8       0x80 build/main.o
                0x00000000080033b8                main
 .text.HAL_TIM_PeriodElapsedCallback
                0x0000000008003438       0x18 build/main.o
                0x0000000008003438                HAL_TIM_PeriodElapsedCallback
 .text.Reset_Handler
                0x0000000008003450       0x50 build/startup_stm32f303xe.o
                0x0000000008003450                Reset_Handler
 .text.Default_Handler
                0x00000000080034a0        0x2 build/startup_stm32f303xe.o
                0x00000000080034a0                RTC_Alarm_IRQHandler
                0x00000000080034a0                TIM8_TRG_COM_IRQHandler
                0x00000000080034a0                TIM8_CC_IRQHandler
                0x00000000080034a0                SPI4_IRQHandler
                0x00000000080034a0                TIM1_CC_IRQHandler
                0x00000000080034a0                USB_HP_IRQHandler
                0x00000000080034a0                PVD_IRQHandler
                0x00000000080034a0                TAMP_STAMP_IRQHandler
                0x00000000080034a0                EXTI3_IRQHandler
                0x00000000080034a0                I2C3_ER_IRQHandler
                0x00000000080034a0                USB_HP_CAN_TX_IRQHandler
                0x00000000080034a0                EXTI0_IRQHandler
                0x00000000080034a0                I2C2_EV_IRQHandler
                0x00000000080034a0                FPU_IRQHandler
                0x00000000080034a0                TIM1_UP_TIM16_IRQHandler
                0x00000000080034a0                ADC1_2_IRQHandler
                0x00000000080034a0                SPI1_IRQHandler
                0x00000000080034a0                CAN_SCE_IRQHandler
                0x00000000080034a0                TIM6_DAC_IRQHandler
                0x00000000080034a0                TIM8_UP_IRQHandler
                0x00000000080034a0                DMA2_Channel2_IRQHandler
                0x00000000080034a0                DMA1_Channel4_IRQHandler
                0x00000000080034a0                TIM20_TRG_COM_IRQHandler
                0x00000000080034a0                USART3_IRQHandler
                0x00000000080034a0                DMA1_Channel7_IRQHandler
                0x00000000080034a0                UART5_IRQHandler
                0x00000000080034a0                ADC3_IRQHandler
                0x00000000080034a0                TIM4_IRQHandler
                0x00000000080034a0                CAN_RX1_IRQHandler
                0x00000000080034a0                DMA2_Channel1_IRQHandler
                0x00000000080034a0                I2C1_EV_IRQHandler
                0x00000000080034a0                DMA1_Channel6_IRQHandler
                0x00000000080034a0                UART4_IRQHandler
                0x00000000080034a0                DMA2_Channel4_IRQHandler
                0x00000000080034a0                TIM3_IRQHandler
                0x00000000080034a0                RCC_IRQHandler
                0x00000000080034a0                TIM20_UP_IRQHandler
                0x00000000080034a0                DMA1_Channel1_IRQHandler
                0x00000000080034a0                Default_Handler
                0x00000000080034a0                USBWakeUp_RMP_IRQHandler
                0x00000000080034a0                EXTI15_10_IRQHandler
                0x00000000080034a0                TIM7_IRQHandler
                0x00000000080034a0                I2C3_EV_IRQHandler
                0x00000000080034a0                EXTI9_5_IRQHandler
                0x00000000080034a0                RTC_WKUP_IRQHandler
                0x00000000080034a0                SPI2_IRQHandler
                0x00000000080034a0                USB_LP_CAN_RX0_IRQHandler
                0x00000000080034a0                DMA2_Channel5_IRQHandler
                0x00000000080034a0                DMA1_Channel5_IRQHandler
                0x00000000080034a0                USB_LP_IRQHandler
                0x00000000080034a0                EXTI4_IRQHandler
                0x00000000080034a0                DMA1_Channel3_IRQHandler
                0x00000000080034a0                ADC4_IRQHandler
                0x00000000080034a0                WWDG_IRQHandler
                0x00000000080034a0                TIM2_IRQHandler
                0x00000000080034a0                COMP7_IRQHandler
                0x00000000080034a0                COMP1_2_3_IRQHandler
                0x00000000080034a0                EXTI1_IRQHandler
                0x00000000080034a0                USART2_IRQHandler
                0x00000000080034a0                COMP4_5_6_IRQHandler
                0x00000000080034a0                TIM20_BRK_IRQHandler
                0x00000000080034a0                I2C2_ER_IRQHandler
                0x00000000080034a0                DMA1_Channel2_IRQHandler
                0x00000000080034a0                TIM8_BRK_IRQHandler
                0x00000000080034a0                FLASH_IRQHandler
                0x00000000080034a0                TIM20_CC_IRQHandler
                0x00000000080034a0                USART1_IRQHandler
                0x00000000080034a0                SPI3_IRQHandler
                0x00000000080034a0                I2C1_ER_IRQHandler
                0x00000000080034a0                FMC_IRQHandler
                0x00000000080034a0                USBWakeUp_IRQHandler
                0x00000000080034a0                DMA2_Channel3_IRQHandler
                0x00000000080034a0                EXTI2_TSC_IRQHandler
                0x00000000080034a0                TIM1_BRK_TIM15_IRQHandler
 *(.glue_7)
 .glue_7        0x00000000080034a2        0x0 linker stubs
 *(.glue_7t)
 .glue_7t       0x00000000080034a2        0x0 linker stubs
 *(.eh_frame)
 *fill*         0x00000000080034a2        0x2 
 .eh_frame      0x00000000080034a4        0x0 /usr/lib/gcc/arm-none-eabi/9.2.1/thumb/v7e-m+fp/hard/crtbegin.o
 *(.init)
 .init          0x00000000080034a4        0x4 /usr/lib/gcc/arm-none-eabi/9.2.1/thumb/v7e-m+fp/hard/crti.o
                0x00000000080034a4                _init
 .init          0x00000000080034a8        0x8 /usr/lib/gcc/arm-none-eabi/9.2.1/thumb/v7e-m+fp/hard/crtn.o
 *(.fini)
 .fini          0x00000000080034b0        0x4 /usr/lib/gcc/arm-none-eabi/9.2.1/thumb/v7e-m+fp/hard/crti.o
                0x00000000080034b0                _fini
 .fini          0x00000000080034b4        0x8 /usr/lib/gcc/arm-none-eabi/9.2.1/thumb/v7e-m+fp/hard/crtn.o
                0x00000000080034bc                . = ALIGN (0x4)
                0x00000000080034bc                _etext = .

.vfp11_veneer   0x00000000080034bc        0x0
 .vfp11_veneer  0x00000000080034bc        0x0 linker stubs

.v4_bx          0x00000000080034bc        0x0
 .v4_bx         0x00000000080034bc        0x0 linker stubs

.iplt           0x00000000080034bc        0x0
 .iplt          0x00000000080034bc        0x0 /usr/lib/gcc/arm-none-eabi/9.2.1/thumb/v7e-m+fp/hard/crtbegin.o

.rodata         0x00000000080034bc       0x54
                0x00000000080034bc                . = ALIGN (0x4)
 *(.rodata)
 *(.rodata*)
 .rodata.aPLLMULFactorTable
                0x00000000080034bc       0x10 build/stm32f3xx_hal_rcc.o
                0x00000000080034bc                aPLLMULFactorTable
 .rodata.aPredivFactorTable
                0x00000000080034cc       0x10 build/stm32f3xx_hal_rcc.o
                0x00000000080034cc                aPredivFactorTable
 .rodata.AHBPrescTable
                0x00000000080034dc       0x10 build/system_stm32f3xx.o
                0x00000000080034dc                AHBPrescTable
 .rodata.APBPrescTable
                0x00000000080034ec        0x8 build/system_stm32f3xx.o
                0x00000000080034ec                APBPrescTable
 .rodata.main.str1.4
                0x00000000080034f4       0x1a build/main.o
                0x0000000008003510                . = ALIGN (0x4)
 *fill*         0x000000000800350e        0x2 

.ARM.extab      0x0000000008003510       0x30
 *(.ARM.extab* .gnu.linkonce.armextab.*)
 .ARM.extab.text._ZL19MX_USART2_UART_Initv
                0x0000000008003510        0xc build/main.o
 .ARM.extab.text.HAL_TIM_PeriodElapsedCallback
                0x000000000800351c        0xc build/main.o
 .ARM.extab     0x0000000008003528       0x18 /usr/lib/gcc/arm-none-eabi/9.2.1/thumb/v7e-m+fp/hard/libgcc.a(pr-support.o)

.ARM            0x0000000008003540       0xe8
                0x0000000008003540                __exidx_start = .
 *(.ARM.exidx*)
 .ARM.exidx.text._ZL12MX_GPIO_Initv
                0x00000000080035f8        0x8 build/main.o
 .ARM.exidx.text._ZL19MX_USART2_UART_Initv
                0x0000000008003600        0x8 build/main.o
 .ARM.exidx.text._Z18SystemClock_Configv
                0x0000000008003608        0x8 build/main.o
 .ARM.exidx.text.main
                0x0000000008003610        0x8 build/main.o
 .ARM.exidx.text.HAL_TIM_PeriodElapsedCallback
                0x0000000008003618       0x10 build/main.o
                                          0x8 (size before relaxing)
 .ARM.exidx     0x0000000008003540       0x80 /usr/lib/gcc/arm-none-eabi/9.2.1/thumb/v7e-m+fp/hard/libgcc.a(unwind-arm.o)
                                         0xd8 (size before relaxing)
 .ARM.exidx     0x00000000080035c0       0x38 /usr/lib/gcc/arm-none-eabi/9.2.1/thumb/v7e-m+fp/hard/libgcc.a(pr-support.o)
                0x0000000008003628                __exidx_end = .

.rel.dyn        0x0000000008003628        0x0
 .rel.iplt      0x0000000008003628        0x0 /usr/lib/gcc/arm-none-eabi/9.2.1/thumb/v7e-m+fp/hard/crtbegin.o

.preinit_array  0x0000000008003628        0x0
                0x0000000008003628                PROVIDE (__preinit_array_start = .)
 *(.preinit_array*)
                0x0000000008003628                PROVIDE (__preinit_array_end = .)

.init_array     0x0000000008003628        0x4
                0x0000000008003628                PROVIDE (__init_array_start = .)
 *(SORT_BY_NAME(.init_array.*))
 *(.init_array*)
 .init_array    0x0000000008003628        0x4 /usr/lib/gcc/arm-none-eabi/9.2.1/thumb/v7e-m+fp/hard/crtbegin.o
                0x000000000800362c                PROVIDE (__init_array_end = .)

.fini_array     0x000000000800362c        0x4
                0x000000000800362c                PROVIDE (__fini_array_start = .)
 *(SORT_BY_NAME(.fini_array.*))
 *(.fini_array*)
 .fini_array    0x000000000800362c        0x4 /usr/lib/gcc/arm-none-eabi/9.2.1/thumb/v7e-m+fp/hard/crtbegin.o
                0x0000000008003630                PROVIDE (__fini_array_end = .)
                0x0000000008003630                _sidata = LOADADDR (.data)

.data           0x0000000020000000       0x70 load address 0x0000000008003630
                0x0000000020000000                . = ALIGN (0x4)
                0x0000000020000000                _sdata = .
 *(.data)
 .data          0x0000000020000000       0x64 /usr/lib/gcc/arm-none-eabi/9.2.1/../../../arm-none-eabi/lib/thumb/v7e-m+fp/hard/libc_nano.a(lib_a-impure.o)
                0x0000000020000000                _impure_ptr
 *(.data*)
 .data.uwTickFreq
                0x0000000020000064        0x1 build/stm32f3xx_hal.o
                0x0000000020000064                uwTickFreq
 *fill*         0x0000000020000065        0x3 
 .data.uwTickPrio
                0x0000000020000068        0x4 build/stm32f3xx_hal.o
                0x0000000020000068                uwTickPrio
 .data.SystemCoreClock
                0x000000002000006c        0x4 build/system_stm32f3xx.o
                0x000000002000006c                SystemCoreClock
                0x0000000020000070                . = ALIGN (0x4)
                0x0000000020000070                _edata = .
                0x00000000080036a0                _siccmram = LOADADDR (.ccmram)

.tm_clone_table
                0x0000000020000070        0x0 load address 0x00000000080036a0
 .tm_clone_table
                0x0000000020000070        0x0 /usr/lib/gcc/arm-none-eabi/9.2.1/thumb/v7e-m+fp/hard/crtbegin.o
 .tm_clone_table
                0x0000000020000070        0x0 /usr/lib/gcc/arm-none-eabi/9.2.1/thumb/v7e-m+fp/hard/crtend.o

.igot.plt       0x0000000020000070        0x0 load address 0x00000000080036a0
 .igot.plt      0x0000000020000070        0x0 /usr/lib/gcc/arm-none-eabi/9.2.1/thumb/v7e-m+fp/hard/crtbegin.o

.ccmram         0x0000000010000000        0x0 load address 0x00000000080036a0
                0x0000000010000000                . = ALIGN (0x4)
                0x0000000010000000                _sccmram = .
 *(.ccmram)
 *(.ccmram*)
                0x0000000010000000                . = ALIGN (0x4)
                0x0000000010000000                _eccmram = .
                0x0000000010000000                . = ALIGN (0x4)

.bss            0x0000000020000070      0x5c8
                0x0000000020000070                _sbss = .
                0x0000000020000070                __bss_start__ = _sbss
 *(.bss)
 .bss           0x0000000020000070       0x1c /usr/lib/gcc/arm-none-eabi/9.2.1/thumb/v7e-m+fp/hard/crtbegin.o
 .bss           0x000000002000008c        0x8 /usr/lib/gcc/arm-none-eabi/9.2.1/../../../arm-none-eabi/lib/thumb/v7e-m+fp/hard/libc_nano.a(lib_a-nano-mallocr.o)
                0x000000002000008c                __malloc_free_list
                0x0000000020000090                __malloc_sbrk_start
 .bss           0x0000000020000094        0x4 /usr/lib/gcc/arm-none-eabi/9.2.1/../../../arm-none-eabi/lib/thumb/v7e-m+fp/hard/libnosys.a(sbrk.o)
 *(.bss*)
 .bss.pxCurrentTCB
                0x0000000020000098        0x4 build/tasks.o
                0x0000000020000098                pxCurrentTCB
 .bss.pxDelayedTaskList
                0x000000002000009c        0x4 build/tasks.o
 .bss.pxOverflowDelayedTaskList
                0x00000000200000a0        0x4 build/tasks.o
 .bss.pxReadyTasksLists
                0x00000000200000a4      0x460 build/tasks.o
 .bss.uxPendedTicks
                0x0000000020000504        0x4 build/tasks.o
 .bss.uxSchedulerSuspended
                0x0000000020000508        0x4 build/tasks.o
 .bss.uxTopReadyPriority
                0x000000002000050c        0x4 build/tasks.o
 .bss.xNextTaskUnblockTime
                0x0000000020000510        0x4 build/tasks.o
 .bss.xNumOfOverflows
                0x0000000020000514        0x4 build/tasks.o
 .bss.xTickCount
                0x0000000020000518        0x4 build/tasks.o
 .bss.xYieldPending
                0x000000002000051c        0x4 build/tasks.o
 .bss._ZZ4mainE6msgBuf
                0x0000000020000520       0x50 build/main.o
 .bss.huart2    0x0000000020000570       0x80 build/main.o
                0x0000000020000570                huart2
 *(COMMON)
 COMMON         0x00000000200005f0       0x40 build/stm32f3xx_hal_timebase_tim.o
                0x00000000200005f0                htim17
 COMMON         0x0000000020000630        0x4 build/stm32f3xx_hal.o
                0x0000000020000630                uwTick
 COMMON         0x0000000020000634        0x4 /usr/lib/gcc/arm-none-eabi/9.2.1/../../../arm-none-eabi/lib/thumb/v7e-m+fp/hard/libc_nano.a(lib_a-reent.o)
                0x0000000020000634                errno
                0x0000000020000638                . = ALIGN (0x4)
                0x0000000020000638                _ebss = .
                0x0000000020000638                __bss_end__ = _ebss

._user_heap_stack
                0x0000000020000638      0x600
                0x0000000020000638                . = ALIGN (0x8)
                0x0000000020000638                PROVIDE (end = .)
                [!provide]                        PROVIDE (_end = .)
                0x0000000020000838                . = (. + _Min_Heap_Size)
 *fill*         0x0000000020000638      0x200 
                0x0000000020000c38                . = (. + _Min_Stack_Size)
 *fill*         0x0000000020000838      0x400 
                0x0000000020000c38                . = ALIGN (0x8)

/DISCARD/
 libc.a(*)
 libm.a(*)
 libgcc.a(*)

.ARM.attributes
                0x0000000000000000       0x30
 *(.ARM.attributes)
 .ARM.attributes
                0x0000000000000000       0x1e /usr/lib/gcc/arm-none-eabi/9.2.1/thumb/v7e-m+fp/hard/crti.o
 .ARM.attributes
                0x000000000000001e       0x34 /usr/lib/gcc/arm-none-eabi/9.2.1/thumb/v7e-m+fp/hard/crtbegin.o
 .ARM.attributes
                0x0000000000000052       0x34 build/stm32f3xx_it.o
 .ARM.attributes
                0x0000000000000086       0x34 build/stm32f3xx_hal_msp.o
 .ARM.attributes
                0x00000000000000ba       0x34 build/stm32f3xx_hal_timebase_tim.o
 .ARM.attributes
                0x00000000000000ee       0x34 build/stm32f3xx_hal.o
 .ARM.attributes
                0x0000000000000122       0x34 build/stm32f3xx_hal_rcc.o
 .ARM.attributes
                0x0000000000000156       0x34 build/stm32f3xx_hal_rcc_ex.o
 .ARM.attributes
                0x000000000000018a       0x34 build/stm32f3xx_hal_gpio.o
 .ARM.attributes
                0x00000000000001be       0x34 build/stm32f3xx_hal_cortex.o
 .ARM.attributes
                0x00000000000001f2       0x34 build/stm32f3xx_hal_tim.o
 .ARM.attributes
                0x0000000000000226       0x34 build/stm32f3xx_hal_tim_ex.o
 .ARM.attributes
                0x000000000000025a       0x34 build/stm32f3xx_hal_uart.o
 .ARM.attributes
                0x000000000000028e       0x34 build/system_stm32f3xx.o
 .ARM.attributes
                0x00000000000002c2       0x34 build/list.o
 .ARM.attributes
                0x00000000000002f6       0x34 build/tasks.o
 .ARM.attributes
                0x000000000000032a       0x34 build/port.o
 .ARM.attributes
                0x000000000000035e       0x34 build/main.o
 .ARM.attributes
                0x0000000000000392       0x21 build/startup_stm32f303xe.o
 .ARM.attributes
                0x00000000000003b3       0x34 /usr/lib/gcc/arm-none-eabi/9.2.1/../../../arm-none-eabi/lib/thumb/v7e-m+fp/hard/libc_nano.a(lib_a-init.o)
 .ARM.attributes
                0x00000000000003e7       0x34 /usr/lib/gcc/arm-none-eabi/9.2.1/../../../arm-none-eabi/lib/thumb/v7e-m+fp/hard/libc_nano.a(lib_a-memset.o)
 .ARM.attributes
                0x000000000000041b       0x1c /usr/lib/gcc/arm-none-eabi/9.2.1/../../../arm-none-eabi/lib/thumb/v7e-m+fp/hard/libc_nano.a(lib_a-strlen.o)
 .ARM.attributes
                0x0000000000000437       0x32 /usr/lib/gcc/arm-none-eabi/9.2.1/thumb/v7e-m+fp/hard/crtend.o
 .ARM.attributes
                0x0000000000000469       0x1e /usr/lib/gcc/arm-none-eabi/9.2.1/thumb/v7e-m+fp/hard/crtn.o
OUTPUT(build/Nucleo-F303RE-RTOS.elf elf32-littlearm)
LOAD linker stubs
LOAD /usr/lib/gcc/arm-none-eabi/9.2.1/../../../arm-none-eabi/lib/thumb/v7e-m+fp/hard/libc.a
LOAD /usr/lib/gcc/arm-none-eabi/9.2.1/../../../arm-none-eabi/lib/thumb/v7e-m+fp/hard/libm.a
LOAD /usr/lib/gcc/arm-none-eabi/9.2.1/thumb/v7e-m+fp/hard/libgcc.a

.comment        0x0000000000000000       0xa7
 .comment       0x0000000000000000       0x59 /usr/lib/gcc/arm-none-eabi/9.2.1/thumb/v7e-m+fp/hard/crtbegin.o
                                         0x5a (size before relaxing)
 .comment       0x0000000000000059       0x5a build/stm32f3xx_it.o
 .comment       0x0000000000000059       0x5a build/stm32f3xx_hal_msp.o
 .comment       0x0000000000000059       0x5a build/stm32f3xx_hal_timebase_tim.o
 .comment       0x0000000000000059       0x5a build/stm32f3xx_hal.o
 .comment       0x0000000000000059       0x5a build/stm32f3xx_hal_rcc.o
 .comment       0x0000000000000059       0x5a build/stm32f3xx_hal_rcc_ex.o
 .comment       0x0000000000000059       0x5a build/stm32f3xx_hal_gpio.o
 .comment       0x0000000000000059       0x5a build/stm32f3xx_hal_cortex.o
 .comment       0x0000000000000059       0x5a build/stm32f3xx_hal_tim.o
 .comment       0x0000000000000059       0x5a build/stm32f3xx_hal_tim_ex.o
 .comment       0x0000000000000059       0x5a build/stm32f3xx_hal_uart.o
 .comment       0x0000000000000059       0x5a build/system_stm32f3xx.o
 .comment       0x0000000000000059       0x5a build/list.o
 .comment       0x0000000000000059       0x5a build/tasks.o
 .comment       0x0000000000000059       0x5a build/port.o
 .comment       0x0000000000000059       0x5a build/main.o
 .comment       0x0000000000000059       0x4e /usr/lib/gcc/arm-none-eabi/9.2.1/../../../arm-none-eabi/lib/thumb/v7e-m+fp/hard/libc_nano.a(lib_a-init.o)
                                         0x4f (size before relaxing)
 .comment       0x00000000000000a7       0x4f /usr/lib/gcc/arm-none-eabi/9.2.1/../../../arm-none-eabi/lib/thumb/v7e-m+fp/hard/libc_nano.a(lib_a-memset.o)
 .comment       0x00000000000000a7       0x5a /usr/lib/gcc/arm-none-eabi/9.2.1/thumb/v7e-m+fp/hard/crtend.o

.debug_info     0x0000000000000000    0x15db1
 .debug_info    0x0000000000000000      0x7b8 build/stm32f3xx_it.o
 .debug_info    0x00000000000007b8      0xcee build/stm32f3xx_hal_msp.o
 .debug_info    0x00000000000014a6      0xc1d build/stm32f3xx_hal_timebase_tim.o
 .debug_info    0x00000000000020c3      0x9cd build/stm32f3xx_hal.o
 .debug_info    0x0000000000002a90     0x1733 build/stm32f3xx_hal_rcc.o
 .debug_info    0x00000000000041c3      0x94d build/stm32f3xx_hal_rcc_ex.o
 .debug_info    0x0000000000004b10      0x8dc build/stm32f3xx_hal_gpio.o
 .debug_info    0x00000000000053ec     0x11a8 build/stm32f3xx_hal_cortex.o
 .debug_info    0x0000000000006594     0x3c15 build/stm32f3xx_hal_tim.o
 .debug_info    0x000000000000a1a9     0x18ec build/stm32f3xx_hal_tim_ex.o
 .debug_info    0x000000000000ba95     0x2031 build/stm32f3xx_hal_uart.o
 .debug_info    0x000000000000dac6      0x4e5 build/system_stm32f3xx.o
 .debug_info    0x000000000000dfab      0xc86 build/list.o
 .debug_info    0x000000000000ec31     0x3af9 build/tasks.o
 .debug_info    0x000000000001272a      0x5b0 build/port.o
 .debug_info    0x0000000000012cda     0x2054 build/main.o
 .debug_info    0x0000000000014d2e       0x22 build/startup_stm32f303xe.o
 .debug_info    0x0000000000014d50      0x11a /usr/lib/gcc/arm-none-eabi/9.2.1/../../../arm-none-eabi/lib/thumb/v7e-m+fp/hard/libc_nano.a(lib_a-init.o)
 .debug_info    0x0000000000014e6a      0xf21 /usr/lib/gcc/arm-none-eabi/9.2.1/../../../arm-none-eabi/lib/thumb/v7e-m+fp/hard/libc_nano.a(lib_a-memset.o)
 .debug_info    0x0000000000015d8b       0x26 /usr/lib/gcc/arm-none-eabi/9.2.1/../../../arm-none-eabi/lib/thumb/v7e-m+fp/hard/libc_nano.a(lib_a-strlen.o)

.debug_abbrev   0x0000000000000000     0x2c31
 .debug_abbrev  0x0000000000000000      0x196 build/stm32f3xx_it.o
 .debug_abbrev  0x0000000000000196      0x1d3 build/stm32f3xx_hal_msp.o
 .debug_abbrev  0x0000000000000369      0x21c build/stm32f3xx_hal_timebase_tim.o
 .debug_abbrev  0x0000000000000585      0x21c build/stm32f3xx_hal.o
 .debug_abbrev  0x00000000000007a1      0x337 build/stm32f3xx_hal_rcc.o
 .debug_abbrev  0x0000000000000ad8      0x299 build/stm32f3xx_hal_rcc_ex.o
 .debug_abbrev  0x0000000000000d71      0x24f build/stm32f3xx_hal_gpio.o
 .debug_abbrev  0x0000000000000fc0      0x3a8 build/stm32f3xx_hal_cortex.o
 .debug_abbrev  0x0000000000001368      0x2af build/stm32f3xx_hal_tim.o
 .debug_abbrev  0x0000000000001617      0x2ab build/stm32f3xx_hal_tim_ex.o
 .debug_abbrev  0x00000000000018c2      0x2ac build/stm32f3xx_hal_uart.o
 .debug_abbrev  0x0000000000001b6e      0x14a build/system_stm32f3xx.o
 .debug_abbrev  0x0000000000001cb8      0x245 build/list.o
 .debug_abbrev  0x0000000000001efd      0x464 build/tasks.o
 .debug_abbrev  0x0000000000002361      0x28a build/port.o
 .debug_abbrev  0x00000000000025eb      0x37b build/main.o
 .debug_abbrev  0x0000000000002966       0x12 build/startup_stm32f303xe.o
 .debug_abbrev  0x0000000000002978       0xcc /usr/lib/gcc/arm-none-eabi/9.2.1/../../../arm-none-eabi/lib/thumb/v7e-m+fp/hard/libc_nano.a(lib_a-init.o)
 .debug_abbrev  0x0000000000002a44      0x1d9 /usr/lib/gcc/arm-none-eabi/9.2.1/../../../arm-none-eabi/lib/thumb/v7e-m+fp/hard/libc_nano.a(lib_a-memset.o)
 .debug_abbrev  0x0000000000002c1d       0x14 /usr/lib/gcc/arm-none-eabi/9.2.1/../../../arm-none-eabi/lib/thumb/v7e-m+fp/hard/libc_nano.a(lib_a-strlen.o)

.debug_loc      0x0000000000000000     0xe5cc
 .debug_loc     0x0000000000000000       0x20 build/stm32f3xx_it.o
 .debug_loc     0x0000000000000020      0x120 build/stm32f3xx_hal_msp.o
 .debug_loc     0x0000000000000140       0xcd build/stm32f3xx_hal_timebase_tim.o
 .debug_loc     0x000000000000020d      0x1e1 build/stm32f3xx_hal.o
 .debug_loc     0x00000000000003ee      0xf88 build/stm32f3xx_hal_rcc.o
 .debug_loc     0x0000000000001376      0xe41 build/stm32f3xx_hal_rcc_ex.o
 .debug_loc     0x00000000000021b7      0x414 build/stm32f3xx_hal_gpio.o
 .debug_loc     0x00000000000025cb      0x7d4 build/stm32f3xx_hal_cortex.o
 .debug_loc     0x0000000000002d9f     0x4ae6 build/stm32f3xx_hal_tim.o
 .debug_loc     0x0000000000007885     0x1a40 build/stm32f3xx_hal_tim_ex.o
 .debug_loc     0x00000000000092c5     0x20fa build/stm32f3xx_hal_uart.o
 .debug_loc     0x000000000000b3bf      0x124 build/system_stm32f3xx.o
 .debug_loc     0x000000000000b4e3       0xe5 build/list.o
 .debug_loc     0x000000000000b5c8     0x2a01 build/tasks.o
 .debug_loc     0x000000000000dfc9      0x1c0 build/port.o
 .debug_loc     0x000000000000e189      0x158 build/main.o
 .debug_loc     0x000000000000e2e1       0xba /usr/lib/gcc/arm-none-eabi/9.2.1/../../../arm-none-eabi/lib/thumb/v7e-m+fp/hard/libc_nano.a(lib_a-init.o)
 .debug_loc     0x000000000000e39b      0x231 /usr/lib/gcc/arm-none-eabi/9.2.1/../../../arm-none-eabi/lib/thumb/v7e-m+fp/hard/libc_nano.a(lib_a-memset.o)

.debug_aranges  0x0000000000000000      0xe40
 .debug_aranges
                0x0000000000000000       0x50 build/stm32f3xx_it.o
 .debug_aranges
                0x0000000000000050       0x30 build/stm32f3xx_hal_msp.o
 .debug_aranges
                0x0000000000000080       0x30 build/stm32f3xx_hal_timebase_tim.o
 .debug_aranges
                0x00000000000000b0       0xe0 build/stm32f3xx_hal.o
 .debug_aranges
                0x0000000000000190       0x88 build/stm32f3xx_hal_rcc.o
 .debug_aranges
                0x0000000000000218       0x38 build/stm32f3xx_hal_rcc_ex.o
 .debug_aranges
                0x0000000000000250       0x58 build/stm32f3xx_hal_gpio.o
 .debug_aranges
                0x00000000000002a8       0xa8 build/stm32f3xx_hal_cortex.o
 .debug_aranges
                0x0000000000000350      0x3c8 build/stm32f3xx_hal_tim.o
 .debug_aranges
                0x0000000000000718      0x160 build/stm32f3xx_hal_tim_ex.o
 .debug_aranges
                0x0000000000000878      0x210 build/stm32f3xx_hal_uart.o
 .debug_aranges
                0x0000000000000a88       0x28 build/system_stm32f3xx.o
 .debug_aranges
                0x0000000000000ab0       0x40 build/list.o
 .debug_aranges
                0x0000000000000af0      0x1f8 build/tasks.o
 .debug_aranges
                0x0000000000000ce8       0x80 build/port.o
 .debug_aranges
                0x0000000000000d68       0x50 build/main.o
 .debug_aranges
                0x0000000000000db8       0x28 build/startup_stm32f303xe.o
 .debug_aranges
                0x0000000000000de0       0x20 /usr/lib/gcc/arm-none-eabi/9.2.1/../../../arm-none-eabi/lib/thumb/v7e-m+fp/hard/libc_nano.a(lib_a-init.o)
 .debug_aranges
                0x0000000000000e00       0x20 /usr/lib/gcc/arm-none-eabi/9.2.1/../../../arm-none-eabi/lib/thumb/v7e-m+fp/hard/libc_nano.a(lib_a-memset.o)
 .debug_aranges
                0x0000000000000e20       0x20 /usr/lib/gcc/arm-none-eabi/9.2.1/../../../arm-none-eabi/lib/thumb/v7e-m+fp/hard/libc_nano.a(lib_a-strlen.o)

.debug_ranges   0x0000000000000000      0xec8
 .debug_ranges  0x0000000000000000       0x40 build/stm32f3xx_it.o
 .debug_ranges  0x0000000000000040       0x20 build/stm32f3xx_hal_msp.o
 .debug_ranges  0x0000000000000060       0x20 build/stm32f3xx_hal_timebase_tim.o
 .debug_ranges  0x0000000000000080       0xd0 build/stm32f3xx_hal.o
 .debug_ranges  0x0000000000000150       0x98 build/stm32f3xx_hal_rcc.o
 .debug_ranges  0x00000000000001e8       0x40 build/stm32f3xx_hal_rcc_ex.o
 .debug_ranges  0x0000000000000228       0x48 build/stm32f3xx_hal_gpio.o
 .debug_ranges  0x0000000000000270       0xf8 build/stm32f3xx_hal_cortex.o
 .debug_ranges  0x0000000000000368      0x3b8 build/stm32f3xx_hal_tim.o
 .debug_ranges  0x0000000000000720      0x150 build/stm32f3xx_hal_tim_ex.o
 .debug_ranges  0x0000000000000870      0x200 build/stm32f3xx_hal_uart.o
 .debug_ranges  0x0000000000000a70       0x18 build/system_stm32f3xx.o
 .debug_ranges  0x0000000000000a88       0x30 build/list.o
 .debug_ranges  0x0000000000000ab8      0x328 build/tasks.o
 .debug_ranges  0x0000000000000de0       0x88 build/port.o
 .debug_ranges  0x0000000000000e68       0x40 build/main.o
 .debug_ranges  0x0000000000000ea8       0x20 build/startup_stm32f303xe.o

.debug_line     0x0000000000000000     0xe540
 .debug_line    0x0000000000000000      0x229 build/stm32f3xx_it.o
 .debug_line    0x0000000000000229      0x24e build/stm32f3xx_hal_msp.o
 .debug_line    0x0000000000000477      0x240 build/stm32f3xx_hal_timebase_tim.o
 .debug_line    0x00000000000006b7      0x48e build/stm32f3xx_hal.o
 .debug_line    0x0000000000000b45     0x114a build/stm32f3xx_hal_rcc.o
 .debug_line    0x0000000000001c8f      0xd29 build/stm32f3xx_hal_rcc_ex.o
 .debug_line    0x00000000000029b8      0x63c build/stm32f3xx_hal_gpio.o
 .debug_line    0x0000000000002ff4      0x6dd build/stm32f3xx_hal_cortex.o
 .debug_line    0x00000000000036d1     0x3a6f build/stm32f3xx_hal_tim.o
 .debug_line    0x0000000000007140     0x12a6 build/stm32f3xx_hal_tim_ex.o
 .debug_line    0x00000000000083e6     0x20ea build/stm32f3xx_hal_uart.o
 .debug_line    0x000000000000a4d0      0x1ec build/system_stm32f3xx.o
 .debug_line    0x000000000000a6bc      0x34c build/list.o
 .debug_line    0x000000000000aa08     0x2b13 build/tasks.o
 .debug_line    0x000000000000d51b      0x66c build/port.o
 .debug_line    0x000000000000db87      0x51f build/main.o
 .debug_line    0x000000000000e0a6       0x73 build/startup_stm32f303xe.o
 .debug_line    0x000000000000e119      0x10d /usr/lib/gcc/arm-none-eabi/9.2.1/../../../arm-none-eabi/lib/thumb/v7e-m+fp/hard/libc_nano.a(lib_a-init.o)
 .debug_line    0x000000000000e226      0x26b /usr/lib/gcc/arm-none-eabi/9.2.1/../../../arm-none-eabi/lib/thumb/v7e-m+fp/hard/libc_nano.a(lib_a-memset.o)
 .debug_line    0x000000000000e491       0xaf /usr/lib/gcc/arm-none-eabi/9.2.1/../../../arm-none-eabi/lib/thumb/v7e-m+fp/hard/libc_nano.a(lib_a-strlen.o)

.debug_str      0x0000000000000000     0x5bf9
 .debug_str     0x0000000000000000      0x5c6 build/stm32f3xx_it.o
                                        0x70b (size before relaxing)
 .debug_str     0x00000000000005c6      0x75d build/stm32f3xx_hal_msp.o
                                        0xc12 (size before relaxing)
 .debug_str     0x0000000000000d23      0x15a build/stm32f3xx_hal_timebase_tim.o
                                        0xce8 (size before relaxing)
 .debug_str     0x0000000000000e7d      0x262 build/stm32f3xx_hal.o
                                        0xa5d (size before relaxing)
 .debug_str     0x00000000000010df      0x26d build/stm32f3xx_hal_rcc.o
                                        0x6fa (size before relaxing)
 .debug_str     0x000000000000134c      0x29d build/stm32f3xx_hal_rcc_ex.o
                                        0x66e (size before relaxing)
 .debug_str     0x00000000000015e9      0x1c3 build/stm32f3xx_hal_gpio.o
                                        0x575 (size before relaxing)
 .debug_str     0x00000000000017ac      0x48f build/stm32f3xx_hal_cortex.o
                                        0xc84 (size before relaxing)
 .debug_str     0x0000000000001c3b      0xe9f build/stm32f3xx_hal_tim.o
                                       0x15d1 (size before relaxing)
 .debug_str     0x0000000000002ada      0x5a3 build/stm32f3xx_hal_tim_ex.o
                                        0xdd7 (size before relaxing)
 .debug_str     0x000000000000307d      0x73c build/stm32f3xx_hal_uart.o
                                        0xee2 (size before relaxing)
 .debug_str     0x00000000000037b9       0x4d build/system_stm32f3xx.o
                                        0x36a (size before relaxing)
 .debug_str     0x0000000000003806      0x4ee build/list.o
                                        0x704 (size before relaxing)
 .debug_str     0x0000000000003cf4      0xf5a build/tasks.o
                                       0x1669 (size before relaxing)
 .debug_str     0x0000000000004c4e      0x18d build/port.o
                                        0x47d (size before relaxing)
 .debug_str     0x0000000000004ddb      0x83e build/main.o
                                       0x18dd (size before relaxing)
 .debug_str     0x0000000000005619       0x22 build/startup_stm32f303xe.o
                                         0x5a (size before relaxing)
 .debug_str     0x000000000000563b      0x187 /usr/lib/gcc/arm-none-eabi/9.2.1/../../../arm-none-eabi/lib/thumb/v7e-m+fp/hard/libc_nano.a(lib_a-init.o)
                                        0x229 (size before relaxing)
 .debug_str     0x00000000000057c2      0x38e /usr/lib/gcc/arm-none-eabi/9.2.1/../../../arm-none-eabi/lib/thumb/v7e-m+fp/hard/libc_nano.a(lib_a-memset.o)
                                        0x90f (size before relaxing)
 .debug_str     0x0000000000005b50       0xa9 /usr/lib/gcc/arm-none-eabi/9.2.1/../../../arm-none-eabi/lib/thumb/v7e-m+fp/hard/libc_nano.a(lib_a-strlen.o)
                                         0xb5 (size before relaxing)

.debug_frame    0x0000000000000000     0x24f0
 .debug_frame   0x0000000000000000       0x88 build/stm32f3xx_it.o
 .debug_frame   0x0000000000000088       0x64 build/stm32f3xx_hal_msp.o
 .debug_frame   0x00000000000000ec       0x50 build/stm32f3xx_hal_timebase_tim.o
 .debug_frame   0x000000000000013c      0x1cc build/stm32f3xx_hal.o
 .debug_frame   0x0000000000000308      0x170 build/stm32f3xx_hal_rcc.o
 .debug_frame   0x0000000000000478       0x80 build/stm32f3xx_hal_rcc_ex.o
 .debug_frame   0x00000000000004f8       0xd8 build/stm32f3xx_hal_gpio.o
 .debug_frame   0x00000000000005d0      0x15c build/stm32f3xx_hal_cortex.o
 .debug_frame   0x000000000000072c      0xaf8 build/stm32f3xx_hal_tim.o
 .debug_frame   0x0000000000001224      0x3f0 build/stm32f3xx_hal_tim_ex.o
 .debug_frame   0x0000000000001614      0x5c4 build/stm32f3xx_hal_uart.o
 .debug_frame   0x0000000000001bd8       0x30 build/system_stm32f3xx.o
 .debug_frame   0x0000000000001c08       0x70 build/list.o
 .debug_frame   0x0000000000001c78      0x644 build/tasks.o
 .debug_frame   0x00000000000022bc      0x10c build/port.o
 .debug_frame   0x00000000000023c8       0xc4 build/main.o
 .debug_frame   0x000000000000248c       0x2c /usr/lib/gcc/arm-none-eabi/9.2.1/../../../arm-none-eabi/lib/thumb/v7e-m+fp/hard/libc_nano.a(lib_a-init.o)
 .debug_frame   0x00000000000024b8       0x38 /usr/lib/gcc/arm-none-eabi/9.2.1/../../../arm-none-eabi/lib/thumb/v7e-m+fp/hard/libc_nano.a(lib_a-memset.o)

.stabstr        0x0000000000000000       0x76
 .stabstr       0x0000000000000000       0x76 /usr/lib/gcc/arm-none-eabi/9.2.1/../../../arm-none-eabi/lib/thumb/v7e-m+fp/hard/libnosys.a(getpid.o)

Cross Reference Table

Symbol                                            File
ADC1_2_IRQHandler                                 build/startup_stm32f303xe.o
ADC3_IRQHandler                                   build/startup_stm32f303xe.o
ADC4_IRQHandler                                   build/startup_stm32f303xe.o
AHBPrescTable                                     build/system_stm32f3xx.o
                                                  build/stm32f3xx_hal_rcc.o
APBPrescTable                                     build/system_stm32f3xx.o
                                                  build/stm32f3xx_hal_rcc.o
BusFault_Handler                                  build/stm32f3xx_it.o
CAN_RX1_IRQHandler                                build/startup_stm32f303xe.o
CAN_SCE_IRQHandler                                build/startup_stm32f303xe.o
COMP1_2_3_IRQHandler                              build/startup_stm32f303xe.o
COMP4_5_6_IRQHandler                              build/startup_stm32f303xe.o
COMP7_IRQHandler                                  build/startup_stm32f303xe.o
DMA1_Channel1_IRQHandler                          build/startup_stm32f303xe.o
DMA1_Channel2_IRQHandler                          build/startup_stm32f303xe.o
DMA1_Channel3_IRQHandler                          build/startup_stm32f303xe.o
DMA1_Channel4_IRQHandler                          build/startup_stm32f303xe.o
DMA1_Channel5_IRQHandler                          build/startup_stm32f303xe.o
DMA1_Channel6_IRQHandler                          build/startup_stm32f303xe.o
DMA1_Channel7_IRQHandler                          build/startup_stm32f303xe.o
DMA2_Channel1_IRQHandler                          build/startup_stm32f303xe.o
DMA2_Channel2_IRQHandler                          build/startup_stm32f303xe.o
DMA2_Channel3_IRQHandler                          build/startup_stm32f303xe.o
DMA2_Channel4_IRQHandler                          build/startup_stm32f303xe.o
DMA2_Channel5_IRQHandler                          build/startup_stm32f303xe.o
DebugMon_Handler                                  build/stm32f3xx_it.o
Default_Handler                                   build/startup_stm32f303xe.o
EXTI0_IRQHandler                                  build/startup_stm32f303xe.o
EXTI15_10_IRQHandler                              build/startup_stm32f303xe.o
EXTI1_IRQHandler                                  build/startup_stm32f303xe.o
EXTI2_TSC_IRQHandler                              build/startup_stm32f303xe.o
EXTI3_IRQHandler                                  build/startup_stm32f303xe.o
EXTI4_IRQHandler                                  build/startup_stm32f303xe.o
EXTI9_5_IRQHandler                                build/startup_stm32f303xe.o
Error_Handler                                     build/main.o
FLASH_IRQHandler                                  build/startup_stm32f303xe.o
FLASH_PageErase                                   build/stm32f3xx_hal_flash_ex.o
                                                  build/stm32f3xx_hal_flash.o
FLASH_WaitForLastOperation                        build/stm32f3xx_hal_flash.o
                                                  build/stm32f3xx_hal_flash_ex.o
FMC_IRQHandler                                    build/startup_stm32f303xe.o
FPU_IRQHandler                                    build/startup_stm32f303xe.o
HAL_DBGMCU_DisableDBGSleepMode                    build/stm32f3xx_hal.o
HAL_DBGMCU_DisableDBGStandbyMode                  build/stm32f3xx_hal.o
HAL_DBGMCU_DisableDBGStopMode                     build/stm32f3xx_hal.o
HAL_DBGMCU_EnableDBGSleepMode                     build/stm32f3xx_hal.o
HAL_DBGMCU_EnableDBGStandbyMode                   build/stm32f3xx_hal.o
HAL_DBGMCU_EnableDBGStopMode                      build/stm32f3xx_hal.o
HAL_DMA_Abort                                     build/stm32f3xx_hal_dma.o
                                                  build/stm32f3xx_hal_uart.o
HAL_DMA_Abort_IT                                  build/stm32f3xx_hal_dma.o
                                                  build/stm32f3xx_hal_uart.o
                                                  build/stm32f3xx_hal_tim_ex.o
                                                  build/stm32f3xx_hal_tim.o
                                                  build/stm32f3xx_hal_i2c.o
HAL_DMA_DeInit                                    build/stm32f3xx_hal_dma.o
HAL_DMA_GetError                                  build/stm32f3xx_hal_dma.o
                                                  build/stm32f3xx_hal_uart.o
HAL_DMA_GetState                                  build/stm32f3xx_hal_dma.o
HAL_DMA_IRQHandler                                build/stm32f3xx_hal_dma.o
HAL_DMA_Init                                      build/stm32f3xx_hal_dma.o
HAL_DMA_PollForTransfer                           build/stm32f3xx_hal_dma.o
HAL_DMA_RegisterCallback                          build/stm32f3xx_hal_dma.o
HAL_DMA_Start                                     build/stm32f3xx_hal_dma.o
HAL_DMA_Start_IT                                  build/stm32f3xx_hal_dma.o
                                                  build/stm32f3xx_hal_uart.o
                                                  build/stm32f3xx_hal_tim_ex.o
                                                  build/stm32f3xx_hal_tim.o
                                                  build/stm32f3xx_hal_i2c.o
HAL_DMA_UnRegisterCallback                        build/stm32f3xx_hal_dma.o
HAL_DeInit                                        build/stm32f3xx_hal.o
HAL_Delay                                         build/stm32f3xx_hal.o
                                                  build/main.o
HAL_EXTI_ClearConfigLine                          build/stm32f3xx_hal_exti.o
HAL_EXTI_ClearPending                             build/stm32f3xx_hal_exti.o
HAL_EXTI_GenerateSWI                              build/stm32f3xx_hal_exti.o
HAL_EXTI_GetConfigLine                            build/stm32f3xx_hal_exti.o
HAL_EXTI_GetHandle                                build/stm32f3xx_hal_exti.o
HAL_EXTI_GetPending                               build/stm32f3xx_hal_exti.o
HAL_EXTI_IRQHandler                               build/stm32f3xx_hal_exti.o
HAL_EXTI_RegisterCallback                         build/stm32f3xx_hal_exti.o
HAL_EXTI_SetConfigLine                            build/stm32f3xx_hal_exti.o
HAL_FLASHEx_Erase                                 build/stm32f3xx_hal_flash_ex.o
HAL_FLASHEx_Erase_IT                              build/stm32f3xx_hal_flash_ex.o
HAL_FLASHEx_OBErase                               build/stm32f3xx_hal_flash_ex.o
HAL_FLASHEx_OBGetConfig                           build/stm32f3xx_hal_flash_ex.o
HAL_FLASHEx_OBGetUserData                         build/stm32f3xx_hal_flash_ex.o
HAL_FLASHEx_OBProgram                             build/stm32f3xx_hal_flash_ex.o
HAL_FLASH_EndOfOperationCallback                  build/stm32f3xx_hal_flash.o
HAL_FLASH_GetError                                build/stm32f3xx_hal_flash.o
HAL_FLASH_IRQHandler                              build/stm32f3xx_hal_flash.o
HAL_FLASH_Lock                                    build/stm32f3xx_hal_flash.o
HAL_FLASH_OB_Launch                               build/stm32f3xx_hal_flash.o
HAL_FLASH_OB_Lock                                 build/stm32f3xx_hal_flash.o
HAL_FLASH_OB_Unlock                               build/stm32f3xx_hal_flash.o
HAL_FLASH_OperationErrorCallback                  build/stm32f3xx_hal_flash.o
HAL_FLASH_Program                                 build/stm32f3xx_hal_flash.o
HAL_FLASH_Program_IT                              build/stm32f3xx_hal_flash.o
HAL_FLASH_Unlock                                  build/stm32f3xx_hal_flash.o
HAL_GPIO_DeInit                                   build/stm32f3xx_hal_gpio.o
                                                  build/stm32f3xx_hal_msp.o
HAL_GPIO_EXTI_Callback                            build/stm32f3xx_hal_gpio.o
HAL_GPIO_EXTI_IRQHandler                          build/stm32f3xx_hal_gpio.o
HAL_GPIO_Init                                     build/stm32f3xx_hal_gpio.o
                                                  build/main.o
                                                  build/stm32f3xx_hal_rcc.o
                                                  build/stm32f3xx_hal_msp.o
HAL_GPIO_LockPin                                  build/stm32f3xx_hal_gpio.o
HAL_GPIO_ReadPin                                  build/stm32f3xx_hal_gpio.o
HAL_GPIO_TogglePin                                build/stm32f3xx_hal_gpio.o
HAL_GPIO_WritePin                                 build/stm32f3xx_hal_gpio.o
                                                  build/main.o
HAL_GetDEVID                                      build/stm32f3xx_hal.o
HAL_GetHalVersion                                 build/stm32f3xx_hal.o
HAL_GetREVID                                      build/stm32f3xx_hal.o
HAL_GetTick                                       build/stm32f3xx_hal.o
                                                  build/stm32f3xx_hal_uart_ex.o
                                                  build/stm32f3xx_hal_uart.o
                                                  build/stm32f3xx_hal_i2c.o
                                                  build/stm32f3xx_hal_flash.o
                                                  build/stm32f3xx_hal_dma.o
                                                  build/stm32f3xx_hal_rcc_ex.o
                                                  build/stm32f3xx_hal_rcc.o
HAL_GetTickFreq                                   build/stm32f3xx_hal.o
HAL_GetTickPrio                                   build/stm32f3xx_hal.o
HAL_GetUIDw0                                      build/stm32f3xx_hal.o
HAL_GetUIDw1                                      build/stm32f3xx_hal.o
HAL_GetUIDw2                                      build/stm32f3xx_hal.o
HAL_HalfDuplex_EnableReceiver                     build/stm32f3xx_hal_uart.o
HAL_HalfDuplex_EnableTransmitter                  build/stm32f3xx_hal_uart.o
HAL_HalfDuplex_Init                               build/stm32f3xx_hal_uart.o
HAL_I2CEx_ConfigAnalogFilter                      build/stm32f3xx_hal_i2c_ex.o
HAL_I2CEx_ConfigDigitalFilter                     build/stm32f3xx_hal_i2c_ex.o
HAL_I2CEx_DisableFastModePlus                     build/stm32f3xx_hal_i2c_ex.o
HAL_I2CEx_DisableWakeUp                           build/stm32f3xx_hal_i2c_ex.o
HAL_I2CEx_EnableFastModePlus                      build/stm32f3xx_hal_i2c_ex.o
HAL_I2CEx_EnableWakeUp                            build/stm32f3xx_hal_i2c_ex.o
HAL_I2C_AbortCpltCallback                         build/stm32f3xx_hal_i2c.o
HAL_I2C_AddrCallback                              build/stm32f3xx_hal_i2c.o
HAL_I2C_DeInit                                    build/stm32f3xx_hal_i2c.o
HAL_I2C_DisableListen_IT                          build/stm32f3xx_hal_i2c.o
HAL_I2C_ER_IRQHandler                             build/stm32f3xx_hal_i2c.o
HAL_I2C_EV_IRQHandler                             build/stm32f3xx_hal_i2c.o
HAL_I2C_EnableListen_IT                           build/stm32f3xx_hal_i2c.o
HAL_I2C_ErrorCallback                             build/stm32f3xx_hal_i2c.o
HAL_I2C_GetError                                  build/stm32f3xx_hal_i2c.o
HAL_I2C_GetMode                                   build/stm32f3xx_hal_i2c.o
HAL_I2C_GetState                                  build/stm32f3xx_hal_i2c.o
HAL_I2C_Init                                      build/stm32f3xx_hal_i2c.o
HAL_I2C_IsDeviceReady                             build/stm32f3xx_hal_i2c.o
HAL_I2C_ListenCpltCallback                        build/stm32f3xx_hal_i2c.o
HAL_I2C_MasterRxCpltCallback                      build/stm32f3xx_hal_i2c.o
HAL_I2C_MasterTxCpltCallback                      build/stm32f3xx_hal_i2c.o
HAL_I2C_Master_Abort_IT                           build/stm32f3xx_hal_i2c.o
HAL_I2C_Master_Receive                            build/stm32f3xx_hal_i2c.o
HAL_I2C_Master_Receive_DMA                        build/stm32f3xx_hal_i2c.o
HAL_I2C_Master_Receive_IT                         build/stm32f3xx_hal_i2c.o
HAL_I2C_Master_Seq_Receive_DMA                    build/stm32f3xx_hal_i2c.o
HAL_I2C_Master_Seq_Receive_IT                     build/stm32f3xx_hal_i2c.o
HAL_I2C_Master_Seq_Transmit_DMA                   build/stm32f3xx_hal_i2c.o
HAL_I2C_Master_Seq_Transmit_IT                    build/stm32f3xx_hal_i2c.o
HAL_I2C_Master_Transmit                           build/stm32f3xx_hal_i2c.o
HAL_I2C_Master_Transmit_DMA                       build/stm32f3xx_hal_i2c.o
HAL_I2C_Master_Transmit_IT                        build/stm32f3xx_hal_i2c.o
HAL_I2C_MemRxCpltCallback                         build/stm32f3xx_hal_i2c.o
HAL_I2C_MemTxCpltCallback                         build/stm32f3xx_hal_i2c.o
HAL_I2C_Mem_Read                                  build/stm32f3xx_hal_i2c.o
HAL_I2C_Mem_Read_DMA                              build/stm32f3xx_hal_i2c.o
HAL_I2C_Mem_Read_IT                               build/stm32f3xx_hal_i2c.o
HAL_I2C_Mem_Write                                 build/stm32f3xx_hal_i2c.o
HAL_I2C_Mem_Write_DMA                             build/stm32f3xx_hal_i2c.o
HAL_I2C_Mem_Write_IT                              build/stm32f3xx_hal_i2c.o
HAL_I2C_MspDeInit                                 build/stm32f3xx_hal_i2c.o
HAL_I2C_MspInit                                   build/stm32f3xx_hal_i2c.o
HAL_I2C_SlaveRxCpltCallback                       build/stm32f3xx_hal_i2c.o
HAL_I2C_SlaveTxCpltCallback                       build/stm32f3xx_hal_i2c.o
HAL_I2C_Slave_Receive                             build/stm32f3xx_hal_i2c.o
HAL_I2C_Slave_Receive_DMA                         build/stm32f3xx_hal_i2c.o
HAL_I2C_Slave_Receive_IT                          build/stm32f3xx_hal_i2c.o
HAL_I2C_Slave_Seq_Receive_DMA                     build/stm32f3xx_hal_i2c.o
HAL_I2C_Slave_Seq_Receive_IT                      build/stm32f3xx_hal_i2c.o
HAL_I2C_Slave_Seq_Transmit_DMA                    build/stm32f3xx_hal_i2c.o
HAL_I2C_Slave_Seq_Transmit_IT                     build/stm32f3xx_hal_i2c.o
HAL_I2C_Slave_Transmit                            build/stm32f3xx_hal_i2c.o
HAL_I2C_Slave_Transmit_DMA                        build/stm32f3xx_hal_i2c.o
HAL_I2C_Slave_Transmit_IT                         build/stm32f3xx_hal_i2c.o
HAL_IncTick                                       build/stm32f3xx_hal.o
                                                  build/main.o
HAL_Init                                          build/stm32f3xx_hal.o
                                                  build/main.o
HAL_InitTick                                      build/stm32f3xx_hal_timebase_tim.o
                                                  build/stm32f3xx_hal_rcc.o
HAL_LIN_Init                                      build/stm32f3xx_hal_uart.o
HAL_LIN_SendBreak                                 build/stm32f3xx_hal_uart.o
HAL_MPU_ConfigRegion                              build/stm32f3xx_hal_cortex.o
HAL_MPU_Disable                                   build/stm32f3xx_hal_cortex.o
HAL_MPU_Enable                                    build/stm32f3xx_hal_cortex.o
HAL_MspDeInit                                     build/stm32f3xx_hal.o
HAL_MspInit                                       build/stm32f3xx_hal_msp.o
HAL_MultiProcessorEx_AddressLength_Set            build/stm32f3xx_hal_uart_ex.o
HAL_MultiProcessor_DisableMuteMode                build/stm32f3xx_hal_uart.o
HAL_MultiProcessor_EnableMuteMode                 build/stm32f3xx_hal_uart.o
HAL_MultiProcessor_EnterMuteMode                  build/stm32f3xx_hal_uart.o
HAL_MultiProcessor_Init                           build/stm32f3xx_hal_uart.o
HAL_NVIC_ClearPendingIRQ                          build/stm32f3xx_hal_cortex.o
HAL_NVIC_DisableIRQ                               build/stm32f3xx_hal_cortex.o
HAL_NVIC_EnableIRQ                                build/stm32f3xx_hal_cortex.o
                                                  build/stm32f3xx_hal_timebase_tim.o
HAL_NVIC_GetActive                                build/stm32f3xx_hal_cortex.o
HAL_NVIC_GetPendingIRQ                            build/stm32f3xx_hal_cortex.o
HAL_NVIC_GetPriority                              build/stm32f3xx_hal_cortex.o
HAL_NVIC_GetPriorityGrouping                      build/stm32f3xx_hal_cortex.o
HAL_NVIC_SetPendingIRQ                            build/stm32f3xx_hal_cortex.o
HAL_NVIC_SetPriority                              build/stm32f3xx_hal_cortex.o
                                                  build/stm32f3xx_hal.o
                                                  build/stm32f3xx_hal_timebase_tim.o
                                                  build/stm32f3xx_hal_msp.o
HAL_NVIC_SetPriorityGrouping                      build/stm32f3xx_hal_cortex.o
                                                  build/stm32f3xx_hal.o
HAL_NVIC_SystemReset                              build/stm32f3xx_hal_cortex.o
HAL_PWR_ConfigPVD                                 build/stm32f3xx_hal_pwr_ex.o
HAL_PWR_DeInit                                    build/stm32f3xx_hal_pwr.o
HAL_PWR_DisableBkUpAccess                         build/stm32f3xx_hal_pwr.o
HAL_PWR_DisablePVD                                build/stm32f3xx_hal_pwr_ex.o
HAL_PWR_DisableSEVOnPend                          build/stm32f3xx_hal_pwr.o
HAL_PWR_DisableSleepOnExit                        build/stm32f3xx_hal_pwr.o
HAL_PWR_DisableWakeUpPin                          build/stm32f3xx_hal_pwr.o
HAL_PWR_EnableBkUpAccess                          build/stm32f3xx_hal_pwr.o
HAL_PWR_EnablePVD                                 build/stm32f3xx_hal_pwr_ex.o
HAL_PWR_EnableSEVOnPend                           build/stm32f3xx_hal_pwr.o
HAL_PWR_EnableSleepOnExit                         build/stm32f3xx_hal_pwr.o
HAL_PWR_EnableWakeUpPin                           build/stm32f3xx_hal_pwr.o
HAL_PWR_EnterSLEEPMode                            build/stm32f3xx_hal_pwr.o
HAL_PWR_EnterSTANDBYMode                          build/stm32f3xx_hal_pwr.o
HAL_PWR_EnterSTOPMode                             build/stm32f3xx_hal_pwr.o
HAL_PWR_PVDCallback                               build/stm32f3xx_hal_pwr_ex.o
HAL_PWR_PVD_IRQHandler                            build/stm32f3xx_hal_pwr_ex.o
HAL_RCCEx_GetPeriphCLKConfig                      build/stm32f3xx_hal_rcc_ex.o
HAL_RCCEx_GetPeriphCLKFreq                        build/stm32f3xx_hal_rcc_ex.o
HAL_RCCEx_PeriphCLKConfig                         build/stm32f3xx_hal_rcc_ex.o
                                                  build/main.o
HAL_RCC_CSSCallback                               build/stm32f3xx_hal_rcc.o
HAL_RCC_ClockConfig                               build/stm32f3xx_hal_rcc.o
                                                  build/main.o
HAL_RCC_DeInit                                    build/stm32f3xx_hal_rcc.o
HAL_RCC_DisableCSS                                build/stm32f3xx_hal_rcc.o
HAL_RCC_EnableCSS                                 build/stm32f3xx_hal_rcc.o
HAL_RCC_GetClockConfig                            build/stm32f3xx_hal_rcc.o
                                                  build/stm32f3xx_hal_timebase_tim.o
HAL_RCC_GetHCLKFreq                               build/stm32f3xx_hal_rcc.o
HAL_RCC_GetOscConfig                              build/stm32f3xx_hal_rcc.o
HAL_RCC_GetPCLK1Freq                              build/stm32f3xx_hal_rcc.o
                                                  build/stm32f3xx_hal_uart.o
                                                  build/stm32f3xx_hal_rcc_ex.o
HAL_RCC_GetPCLK2Freq                              build/stm32f3xx_hal_rcc.o
                                                  build/stm32f3xx_hal_uart.o
                                                  build/stm32f3xx_hal_rcc_ex.o
                                                  build/stm32f3xx_hal_timebase_tim.o
HAL_RCC_GetSysClockFreq                           build/stm32f3xx_hal_rcc.o
                                                  build/stm32f3xx_hal_uart.o
                                                  build/stm32f3xx_hal_rcc_ex.o
HAL_RCC_MCOConfig                                 build/stm32f3xx_hal_rcc.o
HAL_RCC_NMI_IRQHandler                            build/stm32f3xx_hal_rcc.o
HAL_RCC_OscConfig                                 build/stm32f3xx_hal_rcc.o
                                                  build/main.o
HAL_RS485Ex_Init                                  build/stm32f3xx_hal_uart_ex.o
HAL_ResumeTick                                    build/stm32f3xx_hal_timebase_tim.o
HAL_SYSTICK_CLKSourceConfig                       build/stm32f3xx_hal_cortex.o
HAL_SYSTICK_Callback                              build/stm32f3xx_hal_cortex.o
HAL_SYSTICK_Config                                build/stm32f3xx_hal_cortex.o
                                                  build/stm32f3xx_hal.o
HAL_SYSTICK_IRQHandler                            build/stm32f3xx_hal_cortex.o
HAL_SetTickFreq                                   build/stm32f3xx_hal.o
HAL_SuspendTick                                   build/stm32f3xx_hal_timebase_tim.o
HAL_TIMEx_Break2Callback                          build/stm32f3xx_hal_tim_ex.o
                                                  build/stm32f3xx_hal_tim.o
HAL_TIMEx_BreakCallback                           build/stm32f3xx_hal_tim_ex.o
                                                  build/stm32f3xx_hal_tim.o
HAL_TIMEx_CommutCallback                          build/stm32f3xx_hal_tim_ex.o
                                                  build/stm32f3xx_hal_tim.o
HAL_TIMEx_CommutHalfCpltCallback                  build/stm32f3xx_hal_tim_ex.o
HAL_TIMEx_ConfigBreakDeadTime                     build/stm32f3xx_hal_tim_ex.o
HAL_TIMEx_ConfigCommutEvent                       build/stm32f3xx_hal_tim_ex.o
HAL_TIMEx_ConfigCommutEvent_DMA                   build/stm32f3xx_hal_tim_ex.o
HAL_TIMEx_ConfigCommutEvent_IT                    build/stm32f3xx_hal_tim_ex.o
HAL_TIMEx_GroupChannel5                           build/stm32f3xx_hal_tim_ex.o
HAL_TIMEx_HallSensor_DeInit                       build/stm32f3xx_hal_tim_ex.o
HAL_TIMEx_HallSensor_GetState                     build/stm32f3xx_hal_tim_ex.o
HAL_TIMEx_HallSensor_Init                         build/stm32f3xx_hal_tim_ex.o
HAL_TIMEx_HallSensor_MspDeInit                    build/stm32f3xx_hal_tim_ex.o
HAL_TIMEx_HallSensor_MspInit                      build/stm32f3xx_hal_tim_ex.o
HAL_TIMEx_HallSensor_Start                        build/stm32f3xx_hal_tim_ex.o
HAL_TIMEx_HallSensor_Start_DMA                    build/stm32f3xx_hal_tim_ex.o
HAL_TIMEx_HallSensor_Start_IT                     build/stm32f3xx_hal_tim_ex.o
HAL_TIMEx_HallSensor_Stop                         build/stm32f3xx_hal_tim_ex.o
HAL_TIMEx_HallSensor_Stop_DMA                     build/stm32f3xx_hal_tim_ex.o
HAL_TIMEx_HallSensor_Stop_IT                      build/stm32f3xx_hal_tim_ex.o
HAL_TIMEx_MasterConfigSynchronization             build/stm32f3xx_hal_tim_ex.o
HAL_TIMEx_OCN_Start                               build/stm32f3xx_hal_tim_ex.o
HAL_TIMEx_OCN_Start_DMA                           build/stm32f3xx_hal_tim_ex.o
HAL_TIMEx_OCN_Start_IT                            build/stm32f3xx_hal_tim_ex.o
HAL_TIMEx_OCN_Stop                                build/stm32f3xx_hal_tim_ex.o
HAL_TIMEx_OCN_Stop_DMA                            build/stm32f3xx_hal_tim_ex.o
HAL_TIMEx_OCN_Stop_IT                             build/stm32f3xx_hal_tim_ex.o
HAL_TIMEx_OnePulseN_Start                         build/stm32f3xx_hal_tim_ex.o
HAL_TIMEx_OnePulseN_Start_IT                      build/stm32f3xx_hal_tim_ex.o
HAL_TIMEx_OnePulseN_Stop                          build/stm32f3xx_hal_tim_ex.o
HAL_TIMEx_OnePulseN_Stop_IT                       build/stm32f3xx_hal_tim_ex.o
HAL_TIMEx_PWMN_Start                              build/stm32f3xx_hal_tim_ex.o
HAL_TIMEx_PWMN_Start_DMA                          build/stm32f3xx_hal_tim_ex.o
HAL_TIMEx_PWMN_Start_IT                           build/stm32f3xx_hal_tim_ex.o
HAL_TIMEx_PWMN_Stop                               build/stm32f3xx_hal_tim_ex.o
HAL_TIMEx_PWMN_Stop_DMA                           build/stm32f3xx_hal_tim_ex.o
HAL_TIMEx_PWMN_Stop_IT                            build/stm32f3xx_hal_tim_ex.o
HAL_TIMEx_RemapConfig                             build/stm32f3xx_hal_tim_ex.o
HAL_TIM_Base_DeInit                               build/stm32f3xx_hal_tim.o
HAL_TIM_Base_GetState                             build/stm32f3xx_hal_tim.o
HAL_TIM_Base_Init                                 build/stm32f3xx_hal_tim.o
                                                  build/stm32f3xx_hal_timebase_tim.o
HAL_TIM_Base_MspDeInit                            build/stm32f3xx_hal_tim.o
HAL_TIM_Base_MspInit                              build/stm32f3xx_hal_tim.o
HAL_TIM_Base_Start                                build/stm32f3xx_hal_tim.o
HAL_TIM_Base_Start_DMA                            build/stm32f3xx_hal_tim.o
HAL_TIM_Base_Start_IT                             build/stm32f3xx_hal_tim.o
                                                  build/stm32f3xx_hal_timebase_tim.o
HAL_TIM_Base_Stop                                 build/stm32f3xx_hal_tim.o
HAL_TIM_Base_Stop_DMA                             build/stm32f3xx_hal_tim.o
HAL_TIM_Base_Stop_IT                              build/stm32f3xx_hal_tim.o
HAL_TIM_ConfigClockSource                         build/stm32f3xx_hal_tim.o
HAL_TIM_ConfigOCrefClear                          build/stm32f3xx_hal_tim.o
HAL_TIM_ConfigTI1Input                            build/stm32f3xx_hal_tim.o
HAL_TIM_DMABurst_MultiReadStart                   build/stm32f3xx_hal_tim.o
HAL_TIM_DMABurst_MultiWriteStart                  build/stm32f3xx_hal_tim.o
HAL_TIM_DMABurst_ReadStart                        build/stm32f3xx_hal_tim.o
HAL_TIM_DMABurst_ReadStop                         build/stm32f3xx_hal_tim.o
HAL_TIM_DMABurst_WriteStart                       build/stm32f3xx_hal_tim.o
HAL_TIM_DMABurst_WriteStop                        build/stm32f3xx_hal_tim.o
HAL_TIM_Encoder_DeInit                            build/stm32f3xx_hal_tim.o
HAL_TIM_Encoder_GetState                          build/stm32f3xx_hal_tim.o
HAL_TIM_Encoder_Init                              build/stm32f3xx_hal_tim.o
HAL_TIM_Encoder_MspDeInit                         build/stm32f3xx_hal_tim.o
HAL_TIM_Encoder_MspInit                           build/stm32f3xx_hal_tim.o
HAL_TIM_Encoder_Start                             build/stm32f3xx_hal_tim.o
HAL_TIM_Encoder_Start_DMA                         build/stm32f3xx_hal_tim.o
HAL_TIM_Encoder_Start_IT                          build/stm32f3xx_hal_tim.o
HAL_TIM_Encoder_Stop                              build/stm32f3xx_hal_tim.o
HAL_TIM_Encoder_Stop_DMA                          build/stm32f3xx_hal_tim.o
HAL_TIM_Encoder_Stop_IT                           build/stm32f3xx_hal_tim.o
HAL_TIM_ErrorCallback                             build/stm32f3xx_hal_tim.o
HAL_TIM_GenerateEvent                             build/stm32f3xx_hal_tim.o
HAL_TIM_IC_CaptureCallback                        build/stm32f3xx_hal_tim.o
HAL_TIM_IC_CaptureHalfCpltCallback                build/stm32f3xx_hal_tim.o
HAL_TIM_IC_ConfigChannel                          build/stm32f3xx_hal_tim.o
HAL_TIM_IC_DeInit                                 build/stm32f3xx_hal_tim.o
HAL_TIM_IC_GetState                               build/stm32f3xx_hal_tim.o
HAL_TIM_IC_Init                                   build/stm32f3xx_hal_tim.o
HAL_TIM_IC_MspDeInit                              build/stm32f3xx_hal_tim.o
HAL_TIM_IC_MspInit                                build/stm32f3xx_hal_tim.o
HAL_TIM_IC_Start                                  build/stm32f3xx_hal_tim.o
HAL_TIM_IC_Start_DMA                              build/stm32f3xx_hal_tim.o
HAL_TIM_IC_Start_IT                               build/stm32f3xx_hal_tim.o
HAL_TIM_IC_Stop                                   build/stm32f3xx_hal_tim.o
HAL_TIM_IC_Stop_DMA                               build/stm32f3xx_hal_tim.o
HAL_TIM_IC_Stop_IT                                build/stm32f3xx_hal_tim.o
HAL_TIM_IRQHandler                                build/stm32f3xx_hal_tim.o
                                                  build/stm32f3xx_it.o
HAL_TIM_OC_ConfigChannel                          build/stm32f3xx_hal_tim.o
HAL_TIM_OC_DeInit                                 build/stm32f3xx_hal_tim.o
HAL_TIM_OC_DelayElapsedCallback                   build/stm32f3xx_hal_tim.o
HAL_TIM_OC_GetState                               build/stm32f3xx_hal_tim.o
HAL_TIM_OC_Init                                   build/stm32f3xx_hal_tim.o
HAL_TIM_OC_MspDeInit                              build/stm32f3xx_hal_tim.o
HAL_TIM_OC_MspInit                                build/stm32f3xx_hal_tim.o
HAL_TIM_OC_Start                                  build/stm32f3xx_hal_tim.o
HAL_TIM_OC_Start_DMA                              build/stm32f3xx_hal_tim.o
HAL_TIM_OC_Start_IT                               build/stm32f3xx_hal_tim.o
HAL_TIM_OC_Stop                                   build/stm32f3xx_hal_tim.o
HAL_TIM_OC_Stop_DMA                               build/stm32f3xx_hal_tim.o
HAL_TIM_OC_Stop_IT                                build/stm32f3xx_hal_tim.o
HAL_TIM_OnePulse_ConfigChannel                    build/stm32f3xx_hal_tim.o
HAL_TIM_OnePulse_DeInit                           build/stm32f3xx_hal_tim.o
HAL_TIM_OnePulse_GetState                         build/stm32f3xx_hal_tim.o
HAL_TIM_OnePulse_Init                             build/stm32f3xx_hal_tim.o
HAL_TIM_OnePulse_MspDeInit                        build/stm32f3xx_hal_tim.o
HAL_TIM_OnePulse_MspInit                          build/stm32f3xx_hal_tim.o
HAL_TIM_OnePulse_Start                            build/stm32f3xx_hal_tim.o
HAL_TIM_OnePulse_Start_IT                         build/stm32f3xx_hal_tim.o
HAL_TIM_OnePulse_Stop                             build/stm32f3xx_hal_tim.o
HAL_TIM_OnePulse_Stop_IT                          build/stm32f3xx_hal_tim.o
HAL_TIM_PWM_ConfigChannel                         build/stm32f3xx_hal_tim.o
HAL_TIM_PWM_DeInit                                build/stm32f3xx_hal_tim.o
HAL_TIM_PWM_GetState                              build/stm32f3xx_hal_tim.o
HAL_TIM_PWM_Init                                  build/stm32f3xx_hal_tim.o
HAL_TIM_PWM_MspDeInit                             build/stm32f3xx_hal_tim.o
HAL_TIM_PWM_MspInit                               build/stm32f3xx_hal_tim.o
HAL_TIM_PWM_PulseFinishedCallback                 build/stm32f3xx_hal_tim.o
HAL_TIM_PWM_PulseFinishedHalfCpltCallback         build/stm32f3xx_hal_tim.o
HAL_TIM_PWM_Start                                 build/stm32f3xx_hal_tim.o
HAL_TIM_PWM_Start_DMA                             build/stm32f3xx_hal_tim.o
HAL_TIM_PWM_Start_IT                              build/stm32f3xx_hal_tim.o
HAL_TIM_PWM_Stop                                  build/stm32f3xx_hal_tim.o
HAL_TIM_PWM_Stop_DMA                              build/stm32f3xx_hal_tim.o
HAL_TIM_PWM_Stop_IT                               build/stm32f3xx_hal_tim.o
HAL_TIM_PeriodElapsedCallback                     build/main.o
                                                  build/stm32f3xx_hal_tim.o
HAL_TIM_PeriodElapsedHalfCpltCallback             build/stm32f3xx_hal_tim.o
HAL_TIM_ReadCapturedValue                         build/stm32f3xx_hal_tim.o
HAL_TIM_SlaveConfigSynchro                        build/stm32f3xx_hal_tim.o
HAL_TIM_SlaveConfigSynchro_IT                     build/stm32f3xx_hal_tim.o
HAL_TIM_TriggerCallback                           build/stm32f3xx_hal_tim.o
HAL_TIM_TriggerHalfCpltCallback                   build/stm32f3xx_hal_tim.o
HAL_UARTEx_DisableStopMode                        build/stm32f3xx_hal_uart_ex.o
HAL_UARTEx_EnableStopMode                         build/stm32f3xx_hal_uart_ex.o
HAL_UARTEx_StopModeWakeUpSourceConfig             build/stm32f3xx_hal_uart_ex.o
HAL_UARTEx_WakeupCallback                         build/stm32f3xx_hal_uart_ex.o
                                                  build/stm32f3xx_hal_uart.o
HAL_UART_Abort                                    build/stm32f3xx_hal_uart.o
HAL_UART_AbortCpltCallback                        build/stm32f3xx_hal_uart.o
HAL_UART_AbortReceive                             build/stm32f3xx_hal_uart.o
HAL_UART_AbortReceiveCpltCallback                 build/stm32f3xx_hal_uart.o
HAL_UART_AbortReceive_IT                          build/stm32f3xx_hal_uart.o
HAL_UART_AbortTransmit                            build/stm32f3xx_hal_uart.o
HAL_UART_AbortTransmitCpltCallback                build/stm32f3xx_hal_uart.o
HAL_UART_AbortTransmit_IT                         build/stm32f3xx_hal_uart.o
HAL_UART_Abort_IT                                 build/stm32f3xx_hal_uart.o
HAL_UART_DMAPause                                 build/stm32f3xx_hal_uart.o
HAL_UART_DMAResume                                build/stm32f3xx_hal_uart.o
HAL_UART_DMAStop                                  build/stm32f3xx_hal_uart.o
HAL_UART_DeInit                                   build/stm32f3xx_hal_uart.o
HAL_UART_DisableReceiverTimeout                   build/stm32f3xx_hal_uart.o
HAL_UART_EnableReceiverTimeout                    build/stm32f3xx_hal_uart.o
HAL_UART_ErrorCallback                            build/stm32f3xx_hal_uart.o
HAL_UART_GetError                                 build/stm32f3xx_hal_uart.o
HAL_UART_GetState                                 build/stm32f3xx_hal_uart.o
HAL_UART_IRQHandler                               build/stm32f3xx_hal_uart.o
HAL_UART_Init                                     build/stm32f3xx_hal_uart.o
                                                  build/main.o
HAL_UART_MspDeInit                                build/stm32f3xx_hal_msp.o
HAL_UART_MspInit                                  build/stm32f3xx_hal_msp.o
                                                  build/stm32f3xx_hal_uart_ex.o
HAL_UART_Receive                                  build/stm32f3xx_hal_uart.o
HAL_UART_Receive_DMA                              build/stm32f3xx_hal_uart.o
HAL_UART_Receive_IT                               build/stm32f3xx_hal_uart.o
HAL_UART_ReceiverTimeout_Config                   build/stm32f3xx_hal_uart.o
HAL_UART_RxCpltCallback                           build/stm32f3xx_hal_uart.o
HAL_UART_RxHalfCpltCallback                       build/stm32f3xx_hal_uart.o
HAL_UART_Transmit                                 build/stm32f3xx_hal_uart.o
                                                  build/main.o
HAL_UART_Transmit_DMA                             build/stm32f3xx_hal_uart.o
HAL_UART_Transmit_IT                              build/stm32f3xx_hal_uart.o
HAL_UART_TxCpltCallback                           build/stm32f3xx_hal_uart.o
HAL_UART_TxHalfCpltCallback                       build/stm32f3xx_hal_uart.o
HardFault_Handler                                 build/stm32f3xx_it.o
I2C1_ER_IRQHandler                                build/startup_stm32f303xe.o
I2C1_EV_IRQHandler                                build/startup_stm32f303xe.o
I2C2_ER_IRQHandler                                build/startup_stm32f303xe.o
I2C2_EV_IRQHandler                                build/startup_stm32f303xe.o
I2C3_ER_IRQHandler                                build/startup_stm32f303xe.o
I2C3_EV_IRQHandler                                build/startup_stm32f303xe.o
MemManage_Handler                                 build/stm32f3xx_it.o
NMI_Handler                                       build/stm32f3xx_it.o
PVD_IRQHandler                                    build/startup_stm32f303xe.o
PendSV_Handler                                    build/port.o
RCC_IRQHandler                                    build/startup_stm32f303xe.o
RTC_Alarm_IRQHandler                              build/startup_stm32f303xe.o
RTC_WKUP_IRQHandler                               build/startup_stm32f303xe.o
Reset_Handler                                     build/startup_stm32f303xe.o
SPI1_IRQHandler                                   build/startup_stm32f303xe.o
SPI2_IRQHandler                                   build/startup_stm32f303xe.o
SPI3_IRQHandler                                   build/startup_stm32f303xe.o
SPI4_IRQHandler                                   build/startup_stm32f303xe.o
SVC_Handler                                       build/port.o
StartDefaultTask(void*)                           build/main.o
SysTick_Handler                                   build/port.o
SystemClock_Config()                              build/main.o
SystemCoreClock                                   build/system_stm32f3xx.o
                                                  build/port.o
                                                  build/cmsis_os2.o
                                                  build/stm32f3xx_hal_rcc_ex.o
                                                  build/stm32f3xx_hal_rcc.o
                                                  build/stm32f3xx_hal.o
SystemCoreClockUpdate                             build/system_stm32f3xx.o
SystemInit                                        build/system_stm32f3xx.o
                                                  build/startup_stm32f303xe.o
TAMP_STAMP_IRQHandler                             build/startup_stm32f303xe.o
TIM1_BRK_TIM15_IRQHandler                         build/startup_stm32f303xe.o
TIM1_CC_IRQHandler                                build/startup_stm32f303xe.o
TIM1_TRG_COM_TIM17_IRQHandler                     build/stm32f3xx_it.o
TIM1_UP_TIM16_IRQHandler                          build/startup_stm32f303xe.o
TIM20_BRK_IRQHandler                              build/startup_stm32f303xe.o
TIM20_CC_IRQHandler                               build/startup_stm32f303xe.o
TIM20_TRG_COM_IRQHandler                          build/startup_stm32f303xe.o
TIM20_UP_IRQHandler                               build/startup_stm32f303xe.o
TIM2_IRQHandler                                   build/startup_stm32f303xe.o
TIM3_IRQHandler                                   build/startup_stm32f303xe.o
TIM4_IRQHandler                                   build/startup_stm32f303xe.o
TIM6_DAC_IRQHandler                               build/startup_stm32f303xe.o
TIM7_IRQHandler                                   build/startup_stm32f303xe.o
TIM8_BRK_IRQHandler                               build/startup_stm32f303xe.o
TIM8_CC_IRQHandler                                build/startup_stm32f303xe.o
TIM8_TRG_COM_IRQHandler                           build/startup_stm32f303xe.o
TIM8_UP_IRQHandler                                build/startup_stm32f303xe.o
TIMEx_DMACommutationCplt                          build/stm32f3xx_hal_tim_ex.o
                                                  build/stm32f3xx_hal_tim.o
TIMEx_DMACommutationHalfCplt                      build/stm32f3xx_hal_tim_ex.o
                                                  build/stm32f3xx_hal_tim.o
TIM_Base_SetConfig                                build/stm32f3xx_hal_tim.o
                                                  build/stm32f3xx_hal_tim_ex.o
TIM_CCxChannelCmd                                 build/stm32f3xx_hal_tim.o
                                                  build/stm32f3xx_hal_tim_ex.o
TIM_DMACaptureCplt                                build/stm32f3xx_hal_tim.o
                                                  build/stm32f3xx_hal_tim_ex.o
TIM_DMACaptureHalfCplt                            build/stm32f3xx_hal_tim.o
                                                  build/stm32f3xx_hal_tim_ex.o
TIM_DMADelayPulseCplt                             build/stm32f3xx_hal_tim.o
                                                  build/stm32f3xx_hal_tim_ex.o
TIM_DMADelayPulseHalfCplt                         build/stm32f3xx_hal_tim.o
                                                  build/stm32f3xx_hal_tim_ex.o